Archive member included to satisfy reference by file (symbol)

build/lib/modules/freertos.a(event_groups.o)
                              build/obj/src/main.o (xEventGroupCreate)
build/lib/modules/freertos.a(list.o)
                              build/lib/modules/freertos.a(event_groups.o) (vListInitialise)
build/lib/modules/freertos.a(tasks.o)
                              build/obj/src/main.o (xTaskCreate)
build/lib/modules/freertos.a(timers.o)
                              build/lib/modules/freertos.a(tasks.o) (xTimerCreateTimerTask)
build/lib/modules/freertos.a(port.o)
                              build/lib/modules/freertos.a(tasks.o) (pxPortInitialiseStack)
build/lib/modules/freertos.a(heap_4.o)
                              build/lib/modules/freertos.a(event_groups.o) (pvPortMalloc)
build/lib/modules/freertos.a(queue.o)
                              build/lib/modules/freertos.a(timers.o) (xQueueGenericCreate)
build/lib/boards/edu-ciaa-nxp.a(board.o)
                              build/lib/modules/freertos.a(heap_4.o) (ucHeap)
build/lib/boards/edu-ciaa-nxp.a(armv7m_startup.o)
                              (Reset_Handler)
build/lib/boards/edu-ciaa-nxp.a(chip_18xx_43xx.o)
                              build/obj/src/bsp.o (SystemCoreClock)
build/lib/boards/edu-ciaa-nxp.a(clock_18xx_43xx.o)
                              build/lib/boards/edu-ciaa-nxp.a(chip_18xx_43xx.o) (Chip_Clock_GetClockInputHz)
build/lib/boards/edu-ciaa-nxp.a(sysinit.o)
                              build/lib/boards/edu-ciaa-nxp.a(armv7m_startup.o) (SystemInit)
build/lib/boards/edu-ciaa-nxp.a(board_lpcopen.o)
                              build/lib/boards/edu-ciaa-nxp.a(clock_18xx_43xx.o) (ExtRateIn)
build/lib/boards/edu-ciaa-nxp.a(board_sysinit.o)
                              build/lib/boards/edu-ciaa-nxp.a(sysinit.o) (Board_SystemInit)
build/lib/boards/edu-ciaa-nxp.a(adc_18xx_43xx.o)
                              build/lib/boards/edu-ciaa-nxp.a(board_lpcopen.o) (Chip_ADC_Init)
build/lib/boards/edu-ciaa-nxp.a(gpio_18xx_43xx.o)
                              build/lib/boards/edu-ciaa-nxp.a(board_lpcopen.o) (Chip_GPIO_Init)
build/lib/boards/edu-ciaa-nxp.a(i2c_18xx_43xx.o)
                              build/lib/boards/edu-ciaa-nxp.a(board_lpcopen.o) (Chip_I2C_Init)
build/lib/boards/edu-ciaa-nxp.a(ssp_18xx_43xx.o)
                              build/lib/boards/edu-ciaa-nxp.a(board_lpcopen.o) (Chip_SSP_SetBitRate)
build/lib/boards/edu-ciaa-nxp.a(sysinit_18xx_43xx.o)
                              build/lib/boards/edu-ciaa-nxp.a(board_sysinit.o) (Chip_SetupCoreClock)
build/lib/boards/edu-ciaa-nxp.a(uart_18xx_43xx.o)
                              build/lib/boards/edu-ciaa-nxp.a(board_lpcopen.o) (Chip_UART_Init)
build/lib/boards/edu-ciaa-nxp.a(ring_buffer.o)
                              build/lib/boards/edu-ciaa-nxp.a(uart_18xx_43xx.o) (RingBuffer_Insert)
/usr/local/share/gcc-arm-none-eabi-10.3-2021.10/bin/../lib/gcc/arm-none-eabi/10.3.1/thumb/v7e-m+fp/softfp/libgcc.a(_aeabi_uldivmod.o)
                              build/lib/boards/edu-ciaa-nxp.a(uart_18xx_43xx.o) (__aeabi_uldivmod)
/usr/local/share/gcc-arm-none-eabi-10.3-2021.10/bin/../lib/gcc/arm-none-eabi/10.3.1/thumb/v7e-m+fp/softfp/libgcc.a(_udivmoddi4.o)
                              /usr/local/share/gcc-arm-none-eabi-10.3-2021.10/bin/../lib/gcc/arm-none-eabi/10.3.1/thumb/v7e-m+fp/softfp/libgcc.a(_aeabi_uldivmod.o) (__udivmoddi4)
/usr/local/share/gcc-arm-none-eabi-10.3-2021.10/bin/../lib/gcc/arm-none-eabi/10.3.1/thumb/v7e-m+fp/softfp/libgcc.a(_dvmd_tls.o)
                              /usr/local/share/gcc-arm-none-eabi-10.3-2021.10/bin/../lib/gcc/arm-none-eabi/10.3.1/thumb/v7e-m+fp/softfp/libgcc.a(_aeabi_uldivmod.o) (__aeabi_ldiv0)
/usr/local/share/gcc-arm-none-eabi-10.3-2021.10/bin/../lib/gcc/arm-none-eabi/10.3.1/../../../../arm-none-eabi/lib/thumb/v7e-m+fp/softfp/libc_nano.a(lib_a-init.o)
                              build/lib/boards/edu-ciaa-nxp.a(armv7m_startup.o) (__libc_init_array)
/usr/local/share/gcc-arm-none-eabi-10.3-2021.10/bin/../lib/gcc/arm-none-eabi/10.3.1/../../../../arm-none-eabi/lib/thumb/v7e-m+fp/softfp/libc_nano.a(lib_a-memcpy-stub.o)
                              build/lib/modules/freertos.a(queue.o) (memcpy)
/usr/local/share/gcc-arm-none-eabi-10.3-2021.10/bin/../lib/gcc/arm-none-eabi/10.3.1/../../../../arm-none-eabi/lib/thumb/v7e-m+fp/softfp/libc_nano.a(lib_a-memset.o)
                              build/lib/modules/freertos.a(tasks.o) (memset)
/usr/local/share/gcc-arm-none-eabi-10.3-2021.10/bin/../lib/gcc/arm-none-eabi/10.3.1/../../../../arm-none-eabi/lib/thumb/v7e-m+fp/softfp/libc_nano.a(lib_a-strlen.o)
                              build/lib/modules/freertos.a(tasks.o) (strlen)

Discarded input sections

 .group         0x0000000000000000        0xc build/obj/src/bsp.o
 .group         0x0000000000000000        0xc build/obj/src/bsp.o
 .group         0x0000000000000000        0xc build/obj/src/bsp.o
[...]
Memory Configuration

Name             Origin             Length             Attributes
MFlashA512       0x000000001a000000 0x0000000000080000 xr
MFlashB512       0x000000001b000000 0x0000000000080000 xr
RamLoc32         0x0000000010000000 0x0000000000008000 xrw
RamLoc40         0x0000000010080000 0x000000000000a000 xrw
RamAHB32         0x0000000020000000 0x0000000000008000 xrw
RamAHB16         0x0000000020008000 0x0000000000004000 xrw
RamAHB_ETB16     0x000000002000c000 0x0000000000004000 xrw
*default*        0x0000000000000000 0xffffffffffffffff

Linker script and memory map

LOAD build/obj/src/bsp.o
LOAD build/obj/src/digital.o
LOAD build/obj/src/main.o
LOAD build/lib/modules/freertos.a
LOAD build/lib/boards/edu-ciaa-nxp.a
START GROUP
LOAD /usr/local/share/gcc-arm-none-eabi-10.3-2021.10/bin/../lib/gcc/arm-none-eabi/10.3.1/thumb/v7e-m+fp/softfp/libgcc.a
LOAD /usr/local/share/gcc-arm-none-eabi-10.3-2021.10/bin/../lib/gcc/arm-none-eabi/10.3.1/../../../../arm-none-eabi/lib/thumb/v7e-m+fp/softfp/libc_nano.a
END GROUP
START GROUP
LOAD /usr/local/share/gcc-arm-none-eabi-10.3-2021.10/bin/../lib/gcc/arm-none-eabi/10.3.1/thumb/v7e-m+fp/softfp/libgcc.a
LOAD /usr/local/share/gcc-arm-none-eabi-10.3-2021.10/bin/../lib/gcc/arm-none-eabi/10.3.1/../../../../arm-none-eabi/lib/thumb/v7e-m+fp/softfp/libc_nano.a
LOAD /usr/local/share/gcc-arm-none-eabi-10.3-2021.10/bin/../lib/gcc/arm-none-eabi/10.3.1/../../../../arm-none-eabi/lib/thumb/v7e-m+fp/softfp/libnosys.a
END GROUP
START GROUP
LOAD /usr/local/share/gcc-arm-none-eabi-10.3-2021.10/bin/../lib/gcc/arm-none-eabi/10.3.1/thumb/v7e-m+fp/softfp/libgcc.a
LOAD /usr/local/share/gcc-arm-none-eabi-10.3-2021.10/bin/../lib/gcc/arm-none-eabi/10.3.1/../../../../arm-none-eabi/lib/thumb/v7e-m+fp/softfp/libc_nano.a
LOAD /usr/local/share/gcc-arm-none-eabi-10.3-2021.10/bin/../lib/gcc/arm-none-eabi/10.3.1/../../../../arm-none-eabi/lib/thumb/v7e-m+fp/softfp/libnosys.a
END GROUP
                0x000000001a080000                __top_MFlashA512 = 0x1a080000
                0x000000001b080000                __top_MFlashB512 = 0x1b080000
                0x0000000010008000                __top_RamLoc32 = 0x10008000
                0x000000001008a000                __top_RamLoc40 = 0x1008a000
                0x0000000020008000                __top_RamAHB32 = 0x20008000
                0x000000002000c000                __top_RamAHB16 = 0x2000c000
                0x0000000020010000                __top_RamAHB_ETB16 = 0x20010000
START GROUP
LOAD /usr/local/share/gcc-arm-none-eabi-10.3-2021.10/bin/../lib/gcc/arm-none-eabi/10.3.1/thumb/v7e-m+fp/softfp/libgcc.a
LOAD /usr/local/share/gcc-arm-none-eabi-10.3-2021.10/bin/../lib/gcc/arm-none-eabi/10.3.1/../../../../arm-none-eabi/lib/thumb/v7e-m+fp/softfp/libc.a
LOAD /usr/local/share/gcc-arm-none-eabi-10.3-2021.10/bin/../lib/gcc/arm-none-eabi/10.3.1/../../../../arm-none-eabi/lib/thumb/v7e-m+fp/softfp/libm.a
END GROUP

.text_Flash2    0x000000001b000000        0x0
 FILL mask 0xff
 *(.text_Flash2*)
 *(.text_MFlashB512*)
 *(.text.$Flash2*)
 *(.text.$MFlashB512*)
 *(.rodata.$Flash2*)
 *(.rodata.$MFlashB512*)

.text           0x000000001a000000      0x15a
 FILL mask 0xff
                0x000000001a000000                __vectors_start__ = ABSOLUTE (.)
 *(.isr_vector)
 .isr_vector    0x000000001a000000       0x40 build/lib/boards/edu-ciaa-nxp.a(armv7m_startup.o)
                0x000000001a000000                g_pfnVectors
 *(.isr_vendor_vector)
                0x000000001a000040                . = ALIGN (0x4)
                0x000000001a000040                __section_table_start = .
                0x000000001a000040                __data_section_table = .
                0x000000001a000040        0x4 LONG 0x1a00f1a0 LOADADDR (.data)
                0x000000001a000044        0x4 LONG 0x10000000 ADDR (.data)
                0x000000001a000048        0x4 LONG 0x40 SIZEOF (.data)
                0x000000001a00004c        0x4 LONG 0x1a0051a0 LOADADDR (.data_RAM2)
                0x000000001a000050        0x4 LONG 0x10080000 ADDR (.data_RAM2)
                0x000000001a000054        0x4 LONG 0xa000 SIZEOF (.data_RAM2)
                0x000000001a000058        0x4 LONG 0x1a00f1a0 LOADADDR (.data_RAM3)
                0x000000001a00005c        0x4 LONG 0x20000000 ADDR (.data_RAM3)
                0x000000001a000060        0x4 LONG 0x0 SIZEOF (.data_RAM3)
                0x000000001a000064        0x4 LONG 0x1a00f1a0 LOADADDR (.data_RAM4)
                0x000000001a000068        0x4 LONG 0x20008000 ADDR (.data_RAM4)
                0x000000001a00006c        0x4 LONG 0x0 SIZEOF (.data_RAM4)
                0x000000001a000070        0x4 LONG 0x1a00f1a0 LOADADDR (.data_RAM5)
                0x000000001a000074        0x4 LONG 0x2000c000 ADDR (.data_RAM5)
                0x000000001a000078        0x4 LONG 0x0 SIZEOF (.data_RAM5)
                0x000000001a00007c                __data_section_table_end = .
                0x000000001a00007c                __bss_section_table = .
                0x000000001a00007c        0x4 LONG 0x10000040 ADDR (.bss)
                0x000000001a000080        0x4 LONG 0x224 SIZEOF (.bss)
                0x000000001a000084        0x4 LONG 0x1008a000 ADDR (.bss_RAM2)
                0x000000001a000088        0x4 LONG 0x0 SIZEOF (.bss_RAM2)
                0x000000001a00008c        0x4 LONG 0x20000000 ADDR (.bss_RAM3)
                0x000000001a000090        0x4 LONG 0x0 SIZEOF (.bss_RAM3)
                0x000000001a000094        0x4 LONG 0x20008000 ADDR (.bss_RAM4)
                0x000000001a000098        0x4 LONG 0x0 SIZEOF (.bss_RAM4)
                0x000000001a00009c        0x4 LONG 0x2000c000 ADDR (.bss_RAM5)
                0x000000001a0000a0        0x4 LONG 0x0 SIZEOF (.bss_RAM5)
                0x000000001a0000a4                __bss_section_table_end = .
                0x000000001a0000a4                __section_table_end = .
 *(.after_vectors*)
 .after_vectors
                0x000000001a0000a4       0xb6 build/lib/boards/edu-ciaa-nxp.a(armv7m_startup.o)
                0x000000001a0000a4                data_init
                0x000000001a0000ea                bss_init
                0x000000001a000124                NMI_Handler
                0x000000001a00012a                HardFault_Handler
                0x000000001a000130                MemManage_Handler
                0x000000001a000136                BusFault_Handler
                0x000000001a00013c                UsageFault_Handler
                0x000000001a000148                DebugMon_Handler

.glue_7         0x000000001a00015c        0x0
 .glue_7        0x000000001a00015c        0x0 linker stubs

.glue_7t        0x000000001a00015c        0x0
 .glue_7t       0x000000001a00015c        0x0 linker stubs

.vfp11_veneer   0x000000001a00015c        0x0
 .vfp11_veneer  0x000000001a00015c        0x0 linker stubs

.v4_bx          0x000000001a00015c        0x0
 .v4_bx         0x000000001a00015c        0x0 linker stubs

.iplt           0x000000001a00015c        0x0
 .iplt          0x000000001a00015c        0x0 build/obj/src/bsp.o
                0x000000001a00015c                . = ALIGN (0x4)

.preinit_array  0x000000001a00015a        0x0
                0x000000001a00015a                PROVIDE (__preinit_array_start = .)
 *(.preinit_array*)
                0x000000001a00015a                PROVIDE (__preinit_array_end = .)

.init_array     0x000000001a00015a        0x0
                0x000000001a00015a                PROVIDE (__init_array_start = .)
 *(SORT_BY_NAME(.init_array.*))
 *(.init_array*)
                0x000000001a00015a                PROVIDE (__init_array_end = .)
                0x000000001a00015c                . = ALIGN (0x4)

.text           0x000000001a000160     0x5038
 *(.text*)
 .text.Chip_SCU_PinMuxSet
                0x000000001a000160       0x34 build/obj/src/bsp.o
 .text.Chip_GPIO_SetPinState
                0x000000001a000194       0x38 build/obj/src/bsp.o
 .text.Chip_GPIO_SetPinDIROutput
                0x000000001a0001cc       0x3e build/obj/src/bsp.o
 .text.Chip_GPIO_SetPinDIRInput
                0x000000001a00020a       0x40 build/obj/src/bsp.o
 .text.Chip_GPIO_SetPinDIR
                0x000000001a00024a       0x42 build/obj/src/bsp.o
 .text.BoardCreate
                0x000000001a00028c      0x120 build/obj/src/bsp.o
                0x000000001a00028c                BoardCreate
 .text.Chip_GPIO_SetPinState
                0x000000001a0003ac       0x38 build/obj/src/digital.o
 .text.Chip_GPIO_SetPinDIROutput
                0x000000001a0003e4       0x3e build/obj/src/digital.o
 .text.Chip_GPIO_SetPinDIRInput
                0x000000001a000422       0x40 build/obj/src/digital.o
 .text.Chip_GPIO_SetPinDIR
                0x000000001a000462       0x42 build/obj/src/digital.o
 .text.Chip_GPIO_SetPinToggle
                0x000000001a0004a4       0x32 build/obj/src/digital.o
 *fill*         0x000000001a0004d6        0x2 
 .text.DigitalInputAllocate
                0x000000001a0004d8       0x6c build/obj/src/digital.o
                0x000000001a0004d8                DigitalInputAllocate
 .text.DigitalOutputAllocate
                0x000000001a000544       0x6c build/obj/src/digital.o
                0x000000001a000544                DigitalOutputAllocate
 .text.DigitalInputCreate
                0x000000001a0005b0       0x50 build/obj/src/digital.o
                0x000000001a0005b0                DigitalInputCreate
 .text.DigitalOutputCreate
                0x000000001a000600       0x58 build/obj/src/digital.o
                0x000000001a000600                DigitalOutputCreate
 .text.DigitalOutputActivate
                0x000000001a000658       0x24 build/obj/src/digital.o
                0x000000001a000658                DigitalOutputActivate
 .text.DigitalOutputDeactivate
                0x000000001a00067c       0x24 build/obj/src/digital.o
                0x000000001a00067c                DigitalOutputDeactivate
 .text.DigitalOutputToggle
                0x000000001a0006a0       0x24 build/obj/src/digital.o
                0x000000001a0006a0                DigitalOutputToggle
 .text.Azul     0x000000001a0006c4       0x54 build/obj/src/main.o
                0x000000001a0006c4                Azul
 .text.Rojo     0x000000001a000718       0x38 build/obj/src/main.o
                0x000000001a000718                Rojo
 .text.Amarillo
                0x000000001a000750       0x5c build/obj/src/main.o
                0x000000001a000750                Amarillo
 .text.Verde    0x000000001a0007ac       0x20 build/obj/src/main.o
                0x000000001a0007ac                Verde
 .text.Teclado  0x000000001a0007cc       0x14 build/obj/src/main.o
                0x000000001a0007cc                Teclado
 .text.main     0x000000001a0007e0       0xc0 build/obj/src/main.o
                0x000000001a0007e0                main
 .text.xEventGroupCreate
                0x000000001a0008a0       0x2e build/lib/modules/freertos.a(event_groups.o)
                0x000000001a0008a0                xEventGroupCreate
 *fill*         0x000000001a0008ce        0x2 
 .text.xEventGroupWaitBits
                0x000000001a0008d0      0x19c build/lib/modules/freertos.a(event_groups.o)
                0x000000001a0008d0                xEventGroupWaitBits
 .text.prvTestWaitCondition
                0x000000001a000a6c       0x44 build/lib/modules/freertos.a(event_groups.o)
 .text.vListInitialise
                0x000000001a000ab0       0x40 build/lib/modules/freertos.a(list.o)
                0x000000001a000ab0                vListInitialise
 .text.vListInitialiseItem
                0x000000001a000af0       0x1a build/lib/modules/freertos.a(list.o)
                0x000000001a000af0                vListInitialiseItem
 .text.vListInsertEnd
                0x000000001a000b0a       0x48 build/lib/modules/freertos.a(list.o)
                0x000000001a000b0a                vListInsertEnd
 .text.vListInsert
                0x000000001a000b52       0x72 build/lib/modules/freertos.a(list.o)
                0x000000001a000b52                vListInsert
 .text.uxListRemove
                0x000000001a000bc4       0x54 build/lib/modules/freertos.a(list.o)
                0x000000001a000bc4                uxListRemove
 .text.xTaskCreate
                0x000000001a000c18       0x82 build/lib/modules/freertos.a(tasks.o)
                0x000000001a000c18                xTaskCreate
 .text.prvInitialiseNewTask
                0x000000001a000c9a      0x12c build/lib/modules/freertos.a(tasks.o)
 *fill*         0x000000001a000dc6        0x2 
 .text.prvAddNewTaskToReadyList
                0x000000001a000dc8       0xdc build/lib/modules/freertos.a(tasks.o)
 .text.vTaskDelay
                0x000000001a000ea4       0x68 build/lib/modules/freertos.a(tasks.o)
                0x000000001a000ea4                vTaskDelay
 .text.vTaskStartScheduler
                0x000000001a000f0c       0xa4 build/lib/modules/freertos.a(tasks.o)
                0x000000001a000f0c                vTaskStartScheduler
 .text.vTaskSuspendAll
                0x000000001a000fb0       0x1c build/lib/modules/freertos.a(tasks.o)
                0x000000001a000fb0                vTaskSuspendAll
 .text.xTaskResumeAll
                0x000000001a000fcc      0x138 build/lib/modules/freertos.a(tasks.o)
                0x000000001a000fcc                xTaskResumeAll
 .text.xTaskGetTickCount
                0x000000001a001104       0x20 build/lib/modules/freertos.a(tasks.o)
                0x000000001a001104                xTaskGetTickCount
 .text.xTaskIncrementTick
                0x000000001a001124      0x170 build/lib/modules/freertos.a(tasks.o)
                0x000000001a001124                xTaskIncrementTick
 .text.vTaskSwitchContext
                0x000000001a001294       0xb8 build/lib/modules/freertos.a(tasks.o)
                0x000000001a001294                vTaskSwitchContext
 .text.vTaskPlaceOnEventList
                0x000000001a00134c       0x48 build/lib/modules/freertos.a(tasks.o)
                0x000000001a00134c                vTaskPlaceOnEventList
 .text.vTaskPlaceOnUnorderedEventList
                0x000000001a001394       0x78 build/lib/modules/freertos.a(tasks.o)
                0x000000001a001394                vTaskPlaceOnUnorderedEventList
 .text.vTaskPlaceOnEventListRestricted
                0x000000001a00140c       0x58 build/lib/modules/freertos.a(tasks.o)
                0x000000001a00140c                vTaskPlaceOnEventListRestricted
 .text.xTaskRemoveFromEventList
                0x000000001a001464       0xc4 build/lib/modules/freertos.a(tasks.o)
                0x000000001a001464                xTaskRemoveFromEventList
 .text.vTaskInternalSetTimeOutState
                0x000000001a001528       0x2c build/lib/modules/freertos.a(tasks.o)
                0x000000001a001528                vTaskInternalSetTimeOutState
 .text.xTaskCheckForTimeOut
                0x000000001a001554       0xcc build/lib/modules/freertos.a(tasks.o)
                0x000000001a001554                xTaskCheckForTimeOut
 .text.vTaskMissedYield
                0x000000001a001620       0x18 build/lib/modules/freertos.a(tasks.o)
                0x000000001a001620                vTaskMissedYield
 .text.prvIdleTask
                0x000000001a001638       0x30 build/lib/modules/freertos.a(tasks.o)
 .text.prvInitialiseTaskLists
                0x000000001a001668       0x80 build/lib/modules/freertos.a(tasks.o)
 .text.prvCheckTasksWaitingTermination
                0x000000001a0016e8       0x5c build/lib/modules/freertos.a(tasks.o)
 .text.prvDeleteTCB
                0x000000001a001744       0x20 build/lib/modules/freertos.a(tasks.o)
 .text.prvResetNextTaskUnblockTime
                0x000000001a001764       0x38 build/lib/modules/freertos.a(tasks.o)
 .text.xTaskGetSchedulerState
                0x000000001a00179c       0x3c build/lib/modules/freertos.a(tasks.o)
                0x000000001a00179c                xTaskGetSchedulerState
 .text.xTaskPriorityDisinherit
                0x000000001a0017d8       0xf4 build/lib/modules/freertos.a(tasks.o)
                0x000000001a0017d8                xTaskPriorityDisinherit
 .text.uxTaskResetEventItemValue
                0x000000001a0018cc       0x30 build/lib/modules/freertos.a(tasks.o)
                0x000000001a0018cc                uxTaskResetEventItemValue
 .text.prvAddCurrentTaskToDelayedList
                0x000000001a0018fc       0xcc build/lib/modules/freertos.a(tasks.o)
 .text.xTimerCreateTimerTask
                0x000000001a0019c8       0x64 build/lib/modules/freertos.a(timers.o)
                0x000000001a0019c8                xTimerCreateTimerTask
 .text.xTimerGenericCommand
                0x000000001a001a2c       0x9c build/lib/modules/freertos.a(timers.o)
                0x000000001a001a2c                xTimerGenericCommand
 .text.prvProcessExpiredTimer
                0x000000001a001ac8       0x98 build/lib/modules/freertos.a(timers.o)
 .text.prvTimerTask
                0x000000001a001b60       0x24 build/lib/modules/freertos.a(timers.o)
 .text.prvProcessTimerOrBlockTask
                0x000000001a001b84       0x9c build/lib/modules/freertos.a(timers.o)
 .text.prvGetNextExpireTime
                0x000000001a001c20       0x48 build/lib/modules/freertos.a(timers.o)
 .text.prvSampleTimeNow
                0x000000001a001c68       0x40 build/lib/modules/freertos.a(timers.o)
 .text.prvInsertTimerInActiveList
                0x000000001a001ca8       0x84 build/lib/modules/freertos.a(timers.o)
 .text.prvProcessReceivedCommands
                0x000000001a001d2c      0x1c4 build/lib/modules/freertos.a(timers.o)
 .text.prvSwitchTimerLists
                0x000000001a001ef0       0xc8 build/lib/modules/freertos.a(timers.o)
 .text.prvCheckForValidListAndQueue
                0x000000001a001fb8       0x6c build/lib/modules/freertos.a(timers.o)
 .text.pxPortInitialiseStack
                0x000000001a002024       0x68 build/lib/modules/freertos.a(port.o)
                0x000000001a002024                pxPortInitialiseStack
 .text.prvTaskExitError
                0x000000001a00208c       0x58 build/lib/modules/freertos.a(port.o)
 *fill*         0x000000001a0020e4        0xc 
 .text.SVC_Handler
                0x000000001a0020f0       0x28 build/lib/modules/freertos.a(port.o)
                0x000000001a0020f0                SVC_Handler
 .text.prvPortStartFirstTask
                0x000000001a002118       0x2c build/lib/modules/freertos.a(port.o)
 .text.xPortStartScheduler
                0x000000001a002144      0x164 build/lib/modules/freertos.a(port.o)
                0x000000001a002144                xPortStartScheduler
 .text.vPortEnterCritical
                0x000000001a0022a8       0x60 build/lib/modules/freertos.a(port.o)
                0x000000001a0022a8                vPortEnterCritical
 .text.vPortExitCritical
                0x000000001a002308       0x54 build/lib/modules/freertos.a(port.o)
                0x000000001a002308                vPortExitCritical
 *fill*         0x000000001a00235c        0x4 
 .text.PendSV_Handler
                0x000000001a002360       0x68 build/lib/modules/freertos.a(port.o)
                0x000000001a002360                PendSV_Handler
 .text.SysTick_Handler
                0x000000001a0023c8       0x44 build/lib/modules/freertos.a(port.o)
                0x000000001a0023c8                SysTick_Handler
 .text.vPortSetupTimerInterrupt
                0x000000001a00240c       0x48 build/lib/modules/freertos.a(port.o)
                0x000000001a00240c                vPortSetupTimerInterrupt
 .text.vPortEnableVFP
                0x000000001a002454       0x18 build/lib/modules/freertos.a(port.o)
 .text.vPortValidateInterruptPriority
                0x000000001a00246c       0x80 build/lib/modules/freertos.a(port.o)
                0x000000001a00246c                vPortValidateInterruptPriority
 .text.pvPortMalloc
                0x000000001a0024ec      0x1c0 build/lib/modules/freertos.a(heap_4.o)
                0x000000001a0024ec                pvPortMalloc
 .text.vPortFree
                0x000000001a0026ac       0xc4 build/lib/modules/freertos.a(heap_4.o)
                0x000000001a0026ac                vPortFree
 .text.prvHeapInit
                0x000000001a002770       0xc4 build/lib/modules/freertos.a(heap_4.o)
 .text.prvInsertBlockIntoFreeList
                0x000000001a002834       0xb4 build/lib/modules/freertos.a(heap_4.o)
 .text.xQueueGenericReset
                0x000000001a0028e8       0xd0 build/lib/modules/freertos.a(queue.o)
                0x000000001a0028e8                xQueueGenericReset
 .text.xQueueGenericCreate
                0x000000001a0029b8       0xbe build/lib/modules/freertos.a(queue.o)
                0x000000001a0029b8                xQueueGenericCreate
 .text.prvInitialiseNewQueue
                0x000000001a002a76       0x46 build/lib/modules/freertos.a(queue.o)
 .text.xQueueGenericSend
                0x000000001a002abc      0x1fc build/lib/modules/freertos.a(queue.o)
                0x000000001a002abc                xQueueGenericSend
 .text.xQueueGenericSendFromISR
                0x000000001a002cb8      0x154 build/lib/modules/freertos.a(queue.o)
                0x000000001a002cb8                xQueueGenericSendFromISR
 .text.xQueueReceive
                0x000000001a002e0c      0x1c0 build/lib/modules/freertos.a(queue.o)
                0x000000001a002e0c                xQueueReceive
 .text.prvCopyDataToQueue
                0x000000001a002fcc       0xd4 build/lib/modules/freertos.a(queue.o)
 .text.prvCopyDataFromQueue
                0x000000001a0030a0       0x4c build/lib/modules/freertos.a(queue.o)
 .text.prvUnlockQueue
                0x000000001a0030ec       0xa4 build/lib/modules/freertos.a(queue.o)
 .text.prvIsQueueEmpty
                0x000000001a003190       0x2c build/lib/modules/freertos.a(queue.o)
 .text.prvIsQueueFull
                0x000000001a0031bc       0x30 build/lib/modules/freertos.a(queue.o)
 .text.vQueueAddToRegistry
                0x000000001a0031ec       0x54 build/lib/modules/freertos.a(queue.o)
                0x000000001a0031ec                vQueueAddToRegistry
 .text.vQueueWaitForMessageRestricted
                0x000000001a003240       0x68 build/lib/modules/freertos.a(queue.o)
                0x000000001a003240                vQueueWaitForMessageRestricted
 .text.initialise_monitor_handles
                0x000000001a0032a8        0xe build/lib/boards/edu-ciaa-nxp.a(armv7m_startup.o)
                0x000000001a0032a8                initialise_monitor_handles
 .text._fini    0x000000001a0032b6        0xe build/lib/boards/edu-ciaa-nxp.a(armv7m_startup.o)
                0x000000001a0032b6                _fini
 .text._init    0x000000001a0032c4        0xe build/lib/boards/edu-ciaa-nxp.a(armv7m_startup.o)
                0x000000001a0032c4                _init
 *fill*         0x000000001a0032d2        0x2 
 .text.Reset_Handler
                0x000000001a0032d4       0xcc build/lib/boards/edu-ciaa-nxp.a(armv7m_startup.o)
                0x000000001a0032d4                Reset_Handler
 .text.SystemCoreClockUpdate
                0x000000001a0033a0       0x18 build/lib/boards/edu-ciaa-nxp.a(chip_18xx_43xx.o)
                0x000000001a0033a0                SystemCoreClockUpdate
 .text.ABS      0x000000001a0033b8       0x22 build/lib/boards/edu-ciaa-nxp.a(clock_18xx_43xx.o)
 *fill*         0x000000001a0033da        0x2 
 .text.pll_calc_divs
                0x000000001a0033dc      0x124 build/lib/boards/edu-ciaa-nxp.a(clock_18xx_43xx.o)
 .text.pll_get_frac
                0x000000001a003500      0x180 build/lib/boards/edu-ciaa-nxp.a(clock_18xx_43xx.o)
 .text.Chip_Clock_GetDivRate
                0x000000001a003680       0x40 build/lib/boards/edu-ciaa-nxp.a(clock_18xx_43xx.o)
 .text.Chip_Clock_FindBaseClock
                0x000000001a0036c0       0x90 build/lib/boards/edu-ciaa-nxp.a(clock_18xx_43xx.o)
 .text.Chip_Clock_EnableCrystal
                0x000000001a003750       0x70 build/lib/boards/edu-ciaa-nxp.a(clock_18xx_43xx.o)
                0x000000001a003750                Chip_Clock_EnableCrystal
 .text.Chip_Clock_CalcMainPLLValue
                0x000000001a0037c0       0xd8 build/lib/boards/edu-ciaa-nxp.a(clock_18xx_43xx.o)
                0x000000001a0037c0                Chip_Clock_CalcMainPLLValue
 .text.Chip_Clock_GetMainPLLHz
                0x000000001a003898       0xbc build/lib/boards/edu-ciaa-nxp.a(clock_18xx_43xx.o)
                0x000000001a003898                Chip_Clock_GetMainPLLHz
 .text.Chip_Clock_GetDividerSource
                0x000000001a003954       0x40 build/lib/boards/edu-ciaa-nxp.a(clock_18xx_43xx.o)
                0x000000001a003954                Chip_Clock_GetDividerSource
 .text.Chip_Clock_GetDividerDivisor
                0x000000001a003994       0x38 build/lib/boards/edu-ciaa-nxp.a(clock_18xx_43xx.o)
                0x000000001a003994                Chip_Clock_GetDividerDivisor
 .text.Chip_Clock_GetClockInputHz
                0x000000001a0039cc      0x140 build/lib/boards/edu-ciaa-nxp.a(clock_18xx_43xx.o)
                0x000000001a0039cc                Chip_Clock_GetClockInputHz
 .text.Chip_Clock_GetBaseClocktHz
                0x000000001a003b0c       0x24 build/lib/boards/edu-ciaa-nxp.a(clock_18xx_43xx.o)
                0x000000001a003b0c                Chip_Clock_GetBaseClocktHz
 .text.Chip_Clock_SetBaseClock
                0x000000001a003b30       0x9c build/lib/boards/edu-ciaa-nxp.a(clock_18xx_43xx.o)
                0x000000001a003b30                Chip_Clock_SetBaseClock
 .text.Chip_Clock_GetBaseClock
                0x000000001a003bcc       0x4c build/lib/boards/edu-ciaa-nxp.a(clock_18xx_43xx.o)
                0x000000001a003bcc                Chip_Clock_GetBaseClock
 .text.Chip_Clock_EnableOpts
                0x000000001a003c18       0x7c build/lib/boards/edu-ciaa-nxp.a(clock_18xx_43xx.o)
                0x000000001a003c18                Chip_Clock_EnableOpts
 .text.Chip_Clock_Enable
                0x000000001a003c94       0x60 build/lib/boards/edu-ciaa-nxp.a(clock_18xx_43xx.o)
                0x000000001a003c94                Chip_Clock_Enable
 .text.Chip_Clock_GetRate
                0x000000001a003cf4       0x88 build/lib/boards/edu-ciaa-nxp.a(clock_18xx_43xx.o)
                0x000000001a003cf4                Chip_Clock_GetRate
 .text.SCB_GetFPUType
                0x000000001a003d7c       0x2c build/lib/boards/edu-ciaa-nxp.a(sysinit.o)
 .text.SystemInit
                0x000000001a003da8       0x38 build/lib/boards/edu-ciaa-nxp.a(sysinit.o)
                0x000000001a003da8                SystemInit
 .text.Chip_SCU_I2C0PinConfig
                0x000000001a003de0       0x20 build/lib/boards/edu-ciaa-nxp.a(board_lpcopen.o)
 .text.Chip_GPIO_SetPinState
                0x000000001a003e00       0x38 build/lib/boards/edu-ciaa-nxp.a(board_lpcopen.o)
 .text.Chip_GPIO_SetPinDIROutput
                0x000000001a003e38       0x3e build/lib/boards/edu-ciaa-nxp.a(board_lpcopen.o)
 .text.Chip_GPIO_SetPinDIRInput
                0x000000001a003e76       0x40 build/lib/boards/edu-ciaa-nxp.a(board_lpcopen.o)
 .text.Chip_SSP_Enable
                0x000000001a003eb6       0x20 build/lib/boards/edu-ciaa-nxp.a(board_lpcopen.o)
 .text.Chip_SSP_SetFormat
                0x000000001a003ed6       0x32 build/lib/boards/edu-ciaa-nxp.a(board_lpcopen.o)
 .text.Chip_SSP_Set_Mode
                0x000000001a003f08       0x26 build/lib/boards/edu-ciaa-nxp.a(board_lpcopen.o)
 .text.Chip_UART_TXEnable
                0x000000001a003f2e       0x1a build/lib/boards/edu-ciaa-nxp.a(board_lpcopen.o)
 .text.Chip_UART_ConfigData
                0x000000001a003f48       0x1c build/lib/boards/edu-ciaa-nxp.a(board_lpcopen.o)
 .text.Board_LED_Init
                0x000000001a003f64       0x54 build/lib/boards/edu-ciaa-nxp.a(board_lpcopen.o)
 .text.Board_TEC_Init
                0x000000001a003fb8       0x44 build/lib/boards/edu-ciaa-nxp.a(board_lpcopen.o)
 .text.Board_GPIO_Init
                0x000000001a003ffc       0x44 build/lib/boards/edu-ciaa-nxp.a(board_lpcopen.o)
 .text.Board_I2C_Init
                0x000000001a004040       0x24 build/lib/boards/edu-ciaa-nxp.a(board_lpcopen.o)
 .text.Board_SPI_Init
                0x000000001a004064       0x38 build/lib/boards/edu-ciaa-nxp.a(board_lpcopen.o)
 .text.Board_ADC_Init
                0x000000001a00409c       0x38 build/lib/boards/edu-ciaa-nxp.a(board_lpcopen.o)
 .text.Board_Debug_Init
                0x000000001a0040d4       0x2c build/lib/boards/edu-ciaa-nxp.a(board_lpcopen.o)
                0x000000001a0040d4                Board_Debug_Init
 .text.Board_Init
                0x000000001a004100       0x30 build/lib/boards/edu-ciaa-nxp.a(board_lpcopen.o)
                0x000000001a004100                Board_Init
 .text.Chip_SCU_PinMuxSet
                0x000000001a004130       0x34 build/lib/boards/edu-ciaa-nxp.a(board_sysinit.o)
 .text.Chip_SCU_SetPinMuxing
                0x000000001a004164       0x4c build/lib/boards/edu-ciaa-nxp.a(board_sysinit.o)
 .text.Chip_CREG_SetFlashAcceleration
                0x000000001a0041b0       0x54 build/lib/boards/edu-ciaa-nxp.a(board_sysinit.o)
 .text.Board_SetupMuxing
                0x000000001a004204       0x14 build/lib/boards/edu-ciaa-nxp.a(board_sysinit.o)
                0x000000001a004204                Board_SetupMuxing
 .text.Board_SetupClocking
                0x000000001a004218       0x74 build/lib/boards/edu-ciaa-nxp.a(board_sysinit.o)
                0x000000001a004218                Board_SetupClocking
 .text.Board_SystemInit
                0x000000001a00428c       0x14 build/lib/boards/edu-ciaa-nxp.a(board_sysinit.o)
                0x000000001a00428c                Board_SystemInit
 .text.getFullConvClk
                0x000000001a0042a0       0x10 build/lib/boards/edu-ciaa-nxp.a(adc_18xx_43xx.o)
 .text.Chip_ADC_GetClockIndex
                0x000000001a0042b0       0x2c build/lib/boards/edu-ciaa-nxp.a(adc_18xx_43xx.o)
 .text.getClkDiv
                0x000000001a0042dc       0x66 build/lib/boards/edu-ciaa-nxp.a(adc_18xx_43xx.o)
 *fill*         0x000000001a004342        0x2 
 .text.Chip_ADC_Init
                0x000000001a004344       0x88 build/lib/boards/edu-ciaa-nxp.a(adc_18xx_43xx.o)
                0x000000001a004344                Chip_ADC_Init
 .text.Chip_ADC_SetSampleRate
                0x000000001a0043cc       0x64 build/lib/boards/edu-ciaa-nxp.a(adc_18xx_43xx.o)
                0x000000001a0043cc                Chip_ADC_SetSampleRate
 .text.Chip_ADC_SetResolution
                0x000000001a004430       0x2a build/lib/boards/edu-ciaa-nxp.a(adc_18xx_43xx.o)
                0x000000001a004430                Chip_ADC_SetResolution
 .text.Chip_GPIO_Init
                0x000000001a00445a       0x14 build/lib/boards/edu-ciaa-nxp.a(gpio_18xx_43xx.o)
                0x000000001a00445a                Chip_GPIO_Init
 *fill*         0x000000001a00446e        0x2 
 .text.enableClk
                0x000000001a004470       0x30 build/lib/boards/edu-ciaa-nxp.a(i2c_18xx_43xx.o)
 .text.getClkRate
                0x000000001a0044a0       0x30 build/lib/boards/edu-ciaa-nxp.a(i2c_18xx_43xx.o)
 .text.Chip_I2C_EventHandler
                0x000000001a0044d0       0x4c build/lib/boards/edu-ciaa-nxp.a(i2c_18xx_43xx.o)
                0x000000001a0044d0                Chip_I2C_EventHandler
 .text.Chip_I2C_Init
                0x000000001a00451c       0x34 build/lib/boards/edu-ciaa-nxp.a(i2c_18xx_43xx.o)
                0x000000001a00451c                Chip_I2C_Init
 .text.Chip_I2C_SetClockRate
                0x000000001a004550       0x68 build/lib/boards/edu-ciaa-nxp.a(i2c_18xx_43xx.o)
                0x000000001a004550                Chip_I2C_SetClockRate
 .text.Chip_SSP_SetFormat
                0x000000001a0045b8       0x32 build/lib/boards/edu-ciaa-nxp.a(ssp_18xx_43xx.o)
 .text.Chip_SSP_Set_Mode
                0x000000001a0045ea       0x26 build/lib/boards/edu-ciaa-nxp.a(ssp_18xx_43xx.o)
 .text.Chip_SSP_GetClockIndex
                0x000000001a004610       0x2c build/lib/boards/edu-ciaa-nxp.a(ssp_18xx_43xx.o)
 .text.Chip_SSP_GetPeriphClockIndex
                0x000000001a00463c       0x30 build/lib/boards/edu-ciaa-nxp.a(ssp_18xx_43xx.o)
 .text.Chip_SSP_SetClockRate
                0x000000001a00466c       0x36 build/lib/boards/edu-ciaa-nxp.a(ssp_18xx_43xx.o)
                0x000000001a00466c                Chip_SSP_SetClockRate
 .text.Chip_SSP_SetBitRate
                0x000000001a0046a2       0x74 build/lib/boards/edu-ciaa-nxp.a(ssp_18xx_43xx.o)
                0x000000001a0046a2                Chip_SSP_SetBitRate
 *fill*         0x000000001a004716        0x2 
 .text.Chip_SSP_Init
                0x000000001a004718       0x4c build/lib/boards/edu-ciaa-nxp.a(ssp_18xx_43xx.o)
                0x000000001a004718                Chip_SSP_Init
 .text.Chip_Clock_DisableMainPLL
                0x000000001a004764       0x20 build/lib/boards/edu-ciaa-nxp.a(sysinit_18xx_43xx.o)
 .text.Chip_Clock_SetupMainPLL
                0x000000001a004784       0x48 build/lib/boards/edu-ciaa-nxp.a(sysinit_18xx_43xx.o)
 .text.Chip_Clock_MainPLLLocked
                0x000000001a0047cc       0x24 build/lib/boards/edu-ciaa-nxp.a(sysinit_18xx_43xx.o)
 .text.Chip_SetupCoreClock
                0x000000001a0047f0      0x148 build/lib/boards/edu-ciaa-nxp.a(sysinit_18xx_43xx.o)
                0x000000001a0047f0                Chip_SetupCoreClock
 .text.Chip_UART_TXDisable
                0x000000001a004938       0x1a build/lib/boards/edu-ciaa-nxp.a(uart_18xx_43xx.o)
 .text.Chip_UART_SetupFIFOS
                0x000000001a004952       0x1c build/lib/boards/edu-ciaa-nxp.a(uart_18xx_43xx.o)
 .text.Chip_UART_ConfigData
                0x000000001a00496e       0x1c build/lib/boards/edu-ciaa-nxp.a(uart_18xx_43xx.o)
 .text.Chip_UART_EnableDivisorAccess
                0x000000001a00498a       0x20 build/lib/boards/edu-ciaa-nxp.a(uart_18xx_43xx.o)
 .text.Chip_UART_DisableDivisorAccess
                0x000000001a0049aa       0x20 build/lib/boards/edu-ciaa-nxp.a(uart_18xx_43xx.o)
 .text.Chip_UART_SetDivisorLatches
                0x000000001a0049ca       0x28 build/lib/boards/edu-ciaa-nxp.a(uart_18xx_43xx.o)
 *fill*         0x000000001a0049f2        0x2 
 .text.Chip_UART_GetIndex
                0x000000001a0049f4       0x6c build/lib/boards/edu-ciaa-nxp.a(uart_18xx_43xx.o)
 .text.Chip_UART_Init
                0x000000001a004a60       0x88 build/lib/boards/edu-ciaa-nxp.a(uart_18xx_43xx.o)
                0x000000001a004a60                Chip_UART_Init
 .text.Chip_UART_SetBaudFDR
                0x000000001a004ae8      0x180 build/lib/boards/edu-ciaa-nxp.a(uart_18xx_43xx.o)
                0x000000001a004ae8                Chip_UART_SetBaudFDR
 .text          0x000000001a004c68       0x30 /usr/local/share/gcc-arm-none-eabi-10.3-2021.10/bin/../lib/gcc/arm-none-eabi/10.3.1/thumb/v7e-m+fp/softfp/libgcc.a(_aeabi_uldivmod.o)
                0x000000001a004c68                __aeabi_uldivmod
 .text          0x000000001a004c98      0x2d0 /usr/local/share/gcc-arm-none-eabi-10.3-2021.10/bin/../lib/gcc/arm-none-eabi/10.3.1/thumb/v7e-m+fp/softfp/libgcc.a(_udivmoddi4.o)
                0x000000001a004c98                __udivmoddi4
 .text          0x000000001a004f68        0x4 /usr/local/share/gcc-arm-none-eabi-10.3-2021.10/bin/../lib/gcc/arm-none-eabi/10.3.1/thumb/v7e-m+fp/softfp/libgcc.a(_dvmd_tls.o)
                0x000000001a004f68                __aeabi_ldiv0
                0x000000001a004f68                __aeabi_idiv0
 .text.__libc_init_array
                0x000000001a004f6c       0x48 /usr/local/share/gcc-arm-none-eabi-10.3-2021.10/bin/../lib/gcc/arm-none-eabi/10.3.1/../../../../arm-none-eabi/lib/thumb/v7e-m+fp/softfp/libc_nano.a(lib_a-init.o)
                0x000000001a004f6c                __libc_init_array
 .text.memcpy   0x000000001a004fb4       0x1c /usr/local/share/gcc-arm-none-eabi-10.3-2021.10/bin/../lib/gcc/arm-none-eabi/10.3.1/../../../../arm-none-eabi/lib/thumb/v7e-m+fp/softfp/libc_nano.a(lib_a-memcpy-stub.o)
                0x000000001a004fb4                memcpy
 .text.memset   0x000000001a004fd0       0x10 /usr/local/share/gcc-arm-none-eabi-10.3-2021.10/bin/../lib/gcc/arm-none-eabi/10.3.1/../../../../arm-none-eabi/lib/thumb/v7e-m+fp/softfp/libc_nano.a(lib_a-memset.o)
                0x000000001a004fd0                memset
 *(.rodata .rodata.* .constdata .constdata.*)
 .rodata        0x000000001a004fe0       0x2c build/obj/src/main.o
 .rodata        0x000000001a00500c        0x5 build/lib/modules/freertos.a(tasks.o)
 *fill*         0x000000001a005011        0x3 
 .rodata        0x000000001a005014        0xd build/lib/modules/freertos.a(timers.o)
 *fill*         0x000000001a005021        0x3 
 .rodata.periph_to_base
                0x000000001a005024       0x6c build/lib/boards/edu-ciaa-nxp.a(clock_18xx_43xx.o)
 .rodata        0x000000001a005090        0x6 build/lib/boards/edu-ciaa-nxp.a(clock_18xx_43xx.o)
 *fill*         0x000000001a005096        0x2 
 .rodata.ExtRateIn
                0x000000001a005098        0x4 build/lib/boards/edu-ciaa-nxp.a(board_lpcopen.o)
                0x000000001a005098                ExtRateIn
 .rodata.OscRateIn
                0x000000001a00509c        0x4 build/lib/boards/edu-ciaa-nxp.a(board_lpcopen.o)
                0x000000001a00509c                OscRateIn
 .rodata.GpioLeds
                0x000000001a0050a0        0xc build/lib/boards/edu-ciaa-nxp.a(board_lpcopen.o)
 .rodata.GpioButtons
                0x000000001a0050ac        0x8 build/lib/boards/edu-ciaa-nxp.a(board_lpcopen.o)
 .rodata.GpioPorts
                0x000000001a0050b4       0x12 build/lib/boards/edu-ciaa-nxp.a(board_lpcopen.o)
 *fill*         0x000000001a0050c6        0x2 
 .rodata.InitClkStates
                0x000000001a0050c8        0x4 build/lib/boards/edu-ciaa-nxp.a(board_sysinit.o)
 .rodata.pinmuxing
                0x000000001a0050cc       0x74 build/lib/boards/edu-ciaa-nxp.a(board_sysinit.o)
 .rodata.InitClkStates
                0x000000001a005140       0x48 build/lib/boards/edu-ciaa-nxp.a(sysinit_18xx_43xx.o)
 .rodata.UART_PClock
                0x000000001a005188        0x8 build/lib/boards/edu-ciaa-nxp.a(uart_18xx_43xx.o)
 .rodata.UART_BClock
                0x000000001a005190        0x8 build/lib/boards/edu-ciaa-nxp.a(uart_18xx_43xx.o)
                0x000000001a005198                . = ALIGN (0x4)

.ARM.extab
 *(.ARM.extab* .gnu.linkonce.armextab.*)
                0x000000001a005198                __exidx_start = .

.ARM.exidx      0x000000001a005198        0x8
 *(.ARM.exidx* .gnu.linkonce.armexidx.*)
 .ARM.exidx     0x000000001a005198        0x8 /usr/local/share/gcc-arm-none-eabi-10.3-2021.10/bin/../lib/gcc/arm-none-eabi/10.3.1/thumb/v7e-m+fp/softfp/libgcc.a(_udivmoddi4.o)
                0x000000001a0051a0                __exidx_end = .
                0x000000001a0051a0                _etext = .

.rel.dyn        0x000000001a0051a0        0x0
 .rel.iplt      0x000000001a0051a0        0x0 build/obj/src/bsp.o

.data_RAM2      0x0000000010080000     0xa000 load address 0x000000001a0051a0
 FILL mask 0xff
 *(.ramfunc.$RAM2)
 *(.ramfunc.$RamLoc40)
 *(.data.$RAM2*)
 .data.$RAM2    0x0000000010080000     0xa000 build/lib/boards/edu-ciaa-nxp.a(board.o)
                0x0000000010080000                ucHeap
 *(.data.$RamLoc40*)
                0x000000001008a000                . = ALIGN (0x4)

.data_RAM3      0x0000000020000000        0x0 load address 0x000000001a00f1a0
 FILL mask 0xff
 *(.ramfunc.$RAM3)
 *(.ramfunc.$RamAHB32)
 *(.data.$RAM3*)
 *(.data.$RamAHB32*)
                0x0000000020000000                . = ALIGN (0x4)

.data_RAM4      0x0000000020008000        0x0 load address 0x000000001a00f1a0
 FILL mask 0xff
 *(.ramfunc.$RAM4)
 *(.ramfunc.$RamAHB16)
 *(.data.$RAM4*)
 *(.data.$RamAHB16*)
                0x0000000020008000                . = ALIGN (0x4)

.data_RAM5      0x000000002000c000        0x0 load address 0x000000001a00f1a0
 FILL mask 0xff
 *(.ramfunc.$RAM5)
 *(.ramfunc.$RamAHB_ETB16)
 *(.data.$RAM5*)
 *(.data.$RamAHB_ETB16*)
                0x000000002000c000                . = ALIGN (0x4)

.uninit_RESERVED
                0x0000000010000000        0x0
 *(.bss.$RESERVED*)
                0x0000000010000000                . = ALIGN (0x4)
                0x0000000010000000                _end_uninit_RESERVED = .

.data           0x0000000010000000       0x40 load address 0x000000001a00f1a0
 FILL mask 0xff
                0x0000000010000000                _data = .
 *(vtable)
 *(.ramfunc*)
 *(.data*)
 .data.uxTopUsedPriority
                0x0000000010000000        0x4 build/lib/modules/freertos.a(tasks.o)
                0x0000000010000000                uxTopUsedPriority
 .data.uxCriticalNesting
                0x0000000010000004        0x4 build/lib/modules/freertos.a(port.o)
 .data.i2c      0x0000000010000008       0x38 build/lib/boards/edu-ciaa-nxp.a(i2c_18xx_43xx.o)
                0x0000000010000040                . = ALIGN (0x4)
                0x0000000010000040                _edata = .

.igot.plt       0x0000000010000040        0x0 load address 0x000000001a00f1e0
 .igot.plt      0x0000000010000040        0x0 build/obj/src/bsp.o

.bss_RAM2       0x000000001008a000        0x0
 *(.bss.$RAM2*)
 *(.bss.$RamLoc40*)
                0x000000001008a000                . = ALIGN (0x4)

.bss_RAM3       0x0000000020000000        0x0
 *(.bss.$RAM3*)
 *(.bss.$RamAHB32*)
                0x0000000020000000                . = ALIGN (0x4)

.bss_RAM4       0x0000000020008000        0x0
 *(.bss.$RAM4*)
 *(.bss.$RamAHB16*)
                0x0000000020008000                . = ALIGN (0x4)

.bss_RAM5       0x000000002000c000        0x0
 *(.bss.$RAM5*)
 *(.bss.$RamAHB_ETB16*)
                0x000000002000c000                . = ALIGN (0x4)

.bss            0x0000000010000040      0x224
                0x0000000010000040                _bss = .
 *(.bss*)
 .bss.board     0x0000000010000040       0x20 build/obj/src/bsp.o
 .bss.instances.1
                0x0000000010000060       0x14 build/obj/src/digital.o
 .bss.instances.0
                0x0000000010000074        0xc build/obj/src/digital.o
 .bss.board     0x0000000010000080        0x4 build/obj/src/main.o
 .bss.eventos_teclas
                0x0000000010000084        0x4 build/obj/src/main.o
                0x0000000010000084                eventos_teclas
 .bss.pxCurrentTCB
                0x0000000010000088        0x4 build/lib/modules/freertos.a(tasks.o)
                0x0000000010000088                pxCurrentTCB
 .bss.pxReadyTasksLists
                0x000000001000008c       0x8c build/lib/modules/freertos.a(tasks.o)
 .bss.xDelayedTaskList1
                0x0000000010000118       0x14 build/lib/modules/freertos.a(tasks.o)
 .bss.xDelayedTaskList2
                0x000000001000012c       0x14 build/lib/modules/freertos.a(tasks.o)
 .bss.pxDelayedTaskList
                0x0000000010000140        0x4 build/lib/modules/freertos.a(tasks.o)
 .bss.pxOverflowDelayedTaskList
                0x0000000010000144        0x4 build/lib/modules/freertos.a(tasks.o)
 .bss.xPendingReadyList
                0x0000000010000148       0x14 build/lib/modules/freertos.a(tasks.o)
 .bss.xTasksWaitingTermination
                0x000000001000015c       0x14 build/lib/modules/freertos.a(tasks.o)
 .bss.uxDeletedTasksWaitingCleanUp
                0x0000000010000170        0x4 build/lib/modules/freertos.a(tasks.o)
 .bss.xSuspendedTaskList
                0x0000000010000174       0x14 build/lib/modules/freertos.a(tasks.o)
 .bss.uxCurrentNumberOfTasks
                0x0000000010000188        0x4 build/lib/modules/freertos.a(tasks.o)
 .bss.xTickCount
                0x000000001000018c        0x4 build/lib/modules/freertos.a(tasks.o)
 .bss.uxTopReadyPriority
                0x0000000010000190        0x4 build/lib/modules/freertos.a(tasks.o)
 .bss.xSchedulerRunning
                0x0000000010000194        0x4 build/lib/modules/freertos.a(tasks.o)
 .bss.xPendedTicks
                0x0000000010000198        0x4 build/lib/modules/freertos.a(tasks.o)
 .bss.xYieldPending
                0x000000001000019c        0x4 build/lib/modules/freertos.a(tasks.o)
 .bss.xNumOfOverflows
                0x00000000100001a0        0x4 build/lib/modules/freertos.a(tasks.o)
 .bss.uxTaskNumber
                0x00000000100001a4        0x4 build/lib/modules/freertos.a(tasks.o)
 .bss.xNextTaskUnblockTime
                0x00000000100001a8        0x4 build/lib/modules/freertos.a(tasks.o)
 .bss.xIdleTaskHandle
                0x00000000100001ac        0x4 build/lib/modules/freertos.a(tasks.o)
 .bss.uxSchedulerSuspended
                0x00000000100001b0        0x4 build/lib/modules/freertos.a(tasks.o)
 .bss.xActiveTimerList1
                0x00000000100001b4       0x14 build/lib/modules/freertos.a(timers.o)
 .bss.xActiveTimerList2
                0x00000000100001c8       0x14 build/lib/modules/freertos.a(timers.o)
 .bss.pxCurrentTimerList
                0x00000000100001dc        0x4 build/lib/modules/freertos.a(timers.o)
 .bss.pxOverflowTimerList
                0x00000000100001e0        0x4 build/lib/modules/freertos.a(timers.o)
 .bss.xTimerQueue
                0x00000000100001e4        0x4 build/lib/modules/freertos.a(timers.o)
 .bss.xTimerTaskHandle
                0x00000000100001e8        0x4 build/lib/modules/freertos.a(timers.o)
 .bss.xLastTime.0
                0x00000000100001ec        0x4 build/lib/modules/freertos.a(timers.o)
 .bss.ucMaxSysCallPriority
                0x00000000100001f0        0x1 build/lib/modules/freertos.a(port.o)
 *fill*         0x00000000100001f1        0x3 
 .bss.ulMaxPRIGROUPValue
                0x00000000100001f4        0x4 build/lib/modules/freertos.a(port.o)
 .bss.xStart    0x00000000100001f8        0x8 build/lib/modules/freertos.a(heap_4.o)
 .bss.pxEnd     0x0000000010000200        0x4 build/lib/modules/freertos.a(heap_4.o)
 .bss.xFreeBytesRemaining
                0x0000000010000204        0x4 build/lib/modules/freertos.a(heap_4.o)
 .bss.xMinimumEverFreeBytesRemaining
                0x0000000010000208        0x4 build/lib/modules/freertos.a(heap_4.o)
 .bss.xNumberOfSuccessfulAllocations
                0x000000001000020c        0x4 build/lib/modules/freertos.a(heap_4.o)
 .bss.xNumberOfSuccessfulFrees
                0x0000000010000210        0x4 build/lib/modules/freertos.a(heap_4.o)
 .bss.xBlockAllocatedBit
                0x0000000010000214        0x4 build/lib/modules/freertos.a(heap_4.o)
 .bss.xQueueRegistry
                0x0000000010000218       0x40 build/lib/modules/freertos.a(queue.o)
                0x0000000010000218                xQueueRegistry
 .bss.SystemCoreClock
                0x0000000010000258        0x4 build/lib/boards/edu-ciaa-nxp.a(chip_18xx_43xx.o)
                0x0000000010000258                SystemCoreClock
 .bss.audio_usb_pll_freq
                0x000000001000025c        0x8 build/lib/boards/edu-ciaa-nxp.a(clock_18xx_43xx.o)
 *(COMMON)
                0x0000000010000264                . = ALIGN (0x4)
                0x0000000010000264                _ebss = .
                [!provide]                        PROVIDE (end = .)

.noinit_RAM2    0x000000001008a000        0x0
 *(.noinit.$RAM2*)
 *(.noinit.$RamLoc40*)
                0x000000001008a000                . = ALIGN (0x4)

.noinit_RAM3    0x0000000020000000        0x0
 *(.noinit.$RAM3*)
 *(.noinit.$RamAHB32*)
                0x0000000020000000                . = ALIGN (0x4)

.noinit_RAM4    0x0000000020008000        0x0
 *(.noinit.$RAM4*)
 *(.noinit.$RamAHB16*)
                0x0000000020008000                . = ALIGN (0x4)

.noinit_RAM5    0x000000002000c000        0x0
 *(.noinit.$RAM5*)
 *(.noinit.$RamAHB_ETB16*)
                0x000000002000c000                . = ALIGN (0x4)

.noinit         0x0000000010000264        0x0
                0x0000000010000264                _noinit = .
 *(.noinit*)
                0x0000000010000264                . = ALIGN (0x4)
                0x0000000010000264                _end_noinit = .
                [!provide]                        PROVIDE (_pvHeapStart = .)
                0x0000000010008000                PROVIDE (_vStackTop = (__top_RamLoc32 - 0x0))
                0xffffffff53ff4736                PROVIDE (__valid_user_code_checksum = (0x0 - ((((((_vStackTop + (Reset_Handler + 0x1)) + (NMI_Handler + 0x1)) + (HardFault_Handler + 0x1)) + (DEFINED (MemManage_Handler)?MemManage_Handler:0x0 + 0x1)) + (DEFINED (BusFault_Handler)?BusFault_Handler:0x0 + 0x1)) + (DEFINED (UsageFault_Handler)?UsageFault_Handler:0x0 + 0x1))))
OUTPUT(build/bin/TPN10_Lizarraga.elf elf32-littlearm)
LOAD linker stubs

.debug_info     0x0000000000000000    0x1260f
 .debug_info    0x0000000000000000      0xfab build/obj/src/bsp.o
 .debug_info    0x0000000000000fab      0x6d8 build/obj/src/digital.o
 .debug_info    0x0000000000001683      0x7ce build/obj/src/main.o
 .debug_info    0x0000000000001e51      0x9be build/lib/modules/freertos.a(event_groups.o)
 .debug_info    0x000000000000280f      0x2d8 build/lib/modules/freertos.a(list.o)
 .debug_info    0x0000000000002ae7     0x26d4 build/lib/modules/freertos.a(tasks.o)
 .debug_info    0x00000000000051bb     0x135e build/lib/modules/freertos.a(timers.o)
 .debug_info    0x0000000000006519      0x9cb build/lib/modules/freertos.a(port.o)
 .debug_info    0x0000000000006ee4      0x98f build/lib/modules/freertos.a(heap_4.o)
 .debug_info    0x0000000000007873     0x1c97 build/lib/modules/freertos.a(queue.o)
 .debug_info    0x000000000000950a      0x603 build/lib/boards/edu-ciaa-nxp.a(board.o)
 .debug_info    0x0000000000009b0d      0x2b5 build/lib/boards/edu-ciaa-nxp.a(armv7m_startup.o)
 .debug_info    0x0000000000009dc2      0xa65 build/lib/boards/edu-ciaa-nxp.a(chip_18xx_43xx.o)
 .debug_info    0x000000000000a827     0x1678 build/lib/boards/edu-ciaa-nxp.a(clock_18xx_43xx.o)
 .debug_info    0x000000000000be9f      0x33e build/lib/boards/edu-ciaa-nxp.a(sysinit.o)
 .debug_info    0x000000000000c1dd     0x14c8 build/lib/boards/edu-ciaa-nxp.a(board_lpcopen.o)
 .debug_info    0x000000000000d6a5      0xbce build/lib/boards/edu-ciaa-nxp.a(board_sysinit.o)
 .debug_info    0x000000000000e273      0x9c1 build/lib/boards/edu-ciaa-nxp.a(adc_18xx_43xx.o)
 .debug_info    0x000000000000ec34      0x1e1 build/lib/boards/edu-ciaa-nxp.a(gpio_18xx_43xx.o)
 .debug_info    0x000000000000ee15     0x10f4 build/lib/boards/edu-ciaa-nxp.a(i2c_18xx_43xx.o)
 .debug_info    0x000000000000ff09      0xc7d build/lib/boards/edu-ciaa-nxp.a(ssp_18xx_43xx.o)
 .debug_info    0x0000000000010b86      0x921 build/lib/boards/edu-ciaa-nxp.a(sysinit_18xx_43xx.o)
 .debug_info    0x00000000000114a7     0x1168 build/lib/boards/edu-ciaa-nxp.a(uart_18xx_43xx.o)

.debug_abbrev   0x0000000000000000     0x2ec2
 .debug_abbrev  0x0000000000000000      0x286 build/obj/src/bsp.o
 .debug_abbrev  0x0000000000000286      0x1fa build/obj/src/digital.o
 .debug_abbrev  0x0000000000000480      0x154 build/obj/src/main.o
 .debug_abbrev  0x00000000000005d4      0x22a build/lib/modules/freertos.a(event_groups.o)
 .debug_abbrev  0x00000000000007fe       0xf2 build/lib/modules/freertos.a(list.o)
 .debug_abbrev  0x00000000000008f0      0x2f5 build/lib/modules/freertos.a(tasks.o)
 .debug_abbrev  0x0000000000000be5      0x285 build/lib/modules/freertos.a(timers.o)
 .debug_abbrev  0x0000000000000e6a      0x26b build/lib/modules/freertos.a(port.o)
 .debug_abbrev  0x00000000000010d5      0x224 build/lib/modules/freertos.a(heap_4.o)
 .debug_abbrev  0x00000000000012f9      0x2b2 build/lib/modules/freertos.a(queue.o)
 .debug_abbrev  0x00000000000015ab       0xfc build/lib/boards/edu-ciaa-nxp.a(board.o)
 .debug_abbrev  0x00000000000016a7       0xfd build/lib/boards/edu-ciaa-nxp.a(armv7m_startup.o)
 .debug_abbrev  0x00000000000017a4      0x173 build/lib/boards/edu-ciaa-nxp.a(chip_18xx_43xx.o)
 .debug_abbrev  0x0000000000001917      0x2fc build/lib/boards/edu-ciaa-nxp.a(clock_18xx_43xx.o)
 .debug_abbrev  0x0000000000001c13       0xfd build/lib/boards/edu-ciaa-nxp.a(sysinit.o)
 .debug_abbrev  0x0000000000001d10      0x394 build/lib/boards/edu-ciaa-nxp.a(board_lpcopen.o)
 .debug_abbrev  0x00000000000020a4      0x1d0 build/lib/boards/edu-ciaa-nxp.a(board_sysinit.o)
 .debug_abbrev  0x0000000000002274      0x1d2 build/lib/boards/edu-ciaa-nxp.a(adc_18xx_43xx.o)
 .debug_abbrev  0x0000000000002446       0xe7 build/lib/boards/edu-ciaa-nxp.a(gpio_18xx_43xx.o)
 .debug_abbrev  0x000000000000252d      0x298 build/lib/boards/edu-ciaa-nxp.a(i2c_18xx_43xx.o)
 .debug_abbrev  0x00000000000027c5      0x262 build/lib/boards/edu-ciaa-nxp.a(ssp_18xx_43xx.o)
 .debug_abbrev  0x0000000000002a27      0x196 build/lib/boards/edu-ciaa-nxp.a(sysinit_18xx_43xx.o)
 .debug_abbrev  0x0000000000002bbd      0x305 build/lib/boards/edu-ciaa-nxp.a(uart_18xx_43xx.o)

.debug_aranges  0x0000000000000000      0xf18
 .debug_aranges
                0x0000000000000000       0x60 build/obj/src/bsp.o
 .debug_aranges
                0x0000000000000060       0xa0 build/obj/src/digital.o
 .debug_aranges
                0x0000000000000100       0x50 build/obj/src/main.o
 .debug_aranges
                0x0000000000000150       0x88 build/lib/modules/freertos.a(event_groups.o)
 .debug_aranges
                0x00000000000001d8       0x40 build/lib/modules/freertos.a(list.o)
 .debug_aranges
                0x0000000000000218      0x208 build/lib/modules/freertos.a(tasks.o)
 .debug_aranges
                0x0000000000000420       0xe8 build/lib/modules/freertos.a(timers.o)
 .debug_aranges
                0x0000000000000508       0x80 build/lib/modules/freertos.a(port.o)
 .debug_aranges
                0x0000000000000588       0x58 build/lib/modules/freertos.a(heap_4.o)
 .debug_aranges
                0x00000000000005e0      0x140 build/lib/modules/freertos.a(queue.o)
 .debug_aranges
                0x0000000000000720       0x28 build/lib/boards/edu-ciaa-nxp.a(board.o)
 .debug_aranges
                0x0000000000000748       0x90 build/lib/boards/edu-ciaa-nxp.a(armv7m_startup.o)
 .debug_aranges
                0x00000000000007d8       0x40 build/lib/boards/edu-ciaa-nxp.a(chip_18xx_43xx.o)
 .debug_aranges
                0x0000000000000818      0x138 build/lib/boards/edu-ciaa-nxp.a(clock_18xx_43xx.o)
 .debug_aranges
                0x0000000000000950       0x28 build/lib/boards/edu-ciaa-nxp.a(sysinit.o)
 .debug_aranges
                0x0000000000000978      0x130 build/lib/boards/edu-ciaa-nxp.a(board_lpcopen.o)
 .debug_aranges
                0x0000000000000aa8       0x48 build/lib/boards/edu-ciaa-nxp.a(board_sysinit.o)
 .debug_aranges
                0x0000000000000af0       0x98 build/lib/boards/edu-ciaa-nxp.a(adc_18xx_43xx.o)
 .debug_aranges
                0x0000000000000b88       0x28 build/lib/boards/edu-ciaa-nxp.a(gpio_18xx_43xx.o)
 .debug_aranges
                0x0000000000000bb0      0x118 build/lib/boards/edu-ciaa-nxp.a(i2c_18xx_43xx.o)
 .debug_aranges
                0x0000000000000cc8       0xe8 build/lib/boards/edu-ciaa-nxp.a(ssp_18xx_43xx.o)
 .debug_aranges
                0x0000000000000db0       0x50 build/lib/boards/edu-ciaa-nxp.a(sysinit_18xx_43xx.o)
 .debug_aranges
                0x0000000000000e00      0x118 build/lib/boards/edu-ciaa-nxp.a(uart_18xx_43xx.o)

.debug_ranges   0x0000000000000000      0xdd8
 .debug_ranges  0x0000000000000000       0x50 build/obj/src/bsp.o
 .debug_ranges  0x0000000000000050       0x90 build/obj/src/digital.o
 .debug_ranges  0x00000000000000e0       0x40 build/obj/src/main.o
 .debug_ranges  0x0000000000000120       0x78 build/lib/modules/freertos.a(event_groups.o)
 .debug_ranges  0x0000000000000198       0x30 build/lib/modules/freertos.a(list.o)
 .debug_ranges  0x00000000000001c8      0x1f8 build/lib/modules/freertos.a(tasks.o)
 .debug_ranges  0x00000000000003c0       0xd8 build/lib/modules/freertos.a(timers.o)
 .debug_ranges  0x0000000000000498       0x70 build/lib/modules/freertos.a(port.o)
 .debug_ranges  0x0000000000000508       0x48 build/lib/modules/freertos.a(heap_4.o)
 .debug_ranges  0x0000000000000550      0x130 build/lib/modules/freertos.a(queue.o)
 .debug_ranges  0x0000000000000680       0x18 build/lib/boards/edu-ciaa-nxp.a(board.o)
 .debug_ranges  0x0000000000000698       0x80 build/lib/boards/edu-ciaa-nxp.a(armv7m_startup.o)
 .debug_ranges  0x0000000000000718       0x30 build/lib/boards/edu-ciaa-nxp.a(chip_18xx_43xx.o)
 .debug_ranges  0x0000000000000748      0x140 build/lib/boards/edu-ciaa-nxp.a(clock_18xx_43xx.o)
 .debug_ranges  0x0000000000000888       0x18 build/lib/boards/edu-ciaa-nxp.a(sysinit.o)
 .debug_ranges  0x00000000000008a0      0x120 build/lib/boards/edu-ciaa-nxp.a(board_lpcopen.o)
 .debug_ranges  0x00000000000009c0       0x38 build/lib/boards/edu-ciaa-nxp.a(board_sysinit.o)
 .debug_ranges  0x00000000000009f8       0x88 build/lib/boards/edu-ciaa-nxp.a(adc_18xx_43xx.o)
 .debug_ranges  0x0000000000000a80       0x18 build/lib/boards/edu-ciaa-nxp.a(gpio_18xx_43xx.o)
 .debug_ranges  0x0000000000000a98      0x108 build/lib/boards/edu-ciaa-nxp.a(i2c_18xx_43xx.o)
 .debug_ranges  0x0000000000000ba0       0xd8 build/lib/boards/edu-ciaa-nxp.a(ssp_18xx_43xx.o)
 .debug_ranges  0x0000000000000c78       0x40 build/lib/boards/edu-ciaa-nxp.a(sysinit_18xx_43xx.o)
 .debug_ranges  0x0000000000000cb8      0x120 build/lib/boards/edu-ciaa-nxp.a(uart_18xx_43xx.o)

.debug_macro    0x0000000000000000     0xc9bb
 .debug_macro   0x0000000000000000      0x332 build/obj/src/bsp.o
 .debug_macro   0x0000000000000332      0xa9c build/obj/src/bsp.o
 .debug_macro   0x0000000000000dce       0x22 build/obj/src/bsp.o
 .debug_macro   0x0000000000000df0       0x22 build/obj/src/bsp.o
 .debug_macro   0x0000000000000e12       0x8e build/obj/src/bsp.o
 .debug_macro   0x0000000000000ea0       0x51 build/obj/src/bsp.o
 .debug_macro   0x0000000000000ef1      0x103 build/obj/src/bsp.o
 .debug_macro   0x0000000000000ff4       0x6a build/obj/src/bsp.o
 .debug_macro   0x000000000000105e      0x1df build/obj/src/bsp.o
 .debug_macro   0x000000000000123d       0x10 build/obj/src/bsp.o
 .debug_macro   0x000000000000124d       0x79 build/obj/src/bsp.o
 .debug_macro   0x00000000000012c6       0x22 build/obj/src/bsp.o
 .debug_macro   0x00000000000012e8       0x1c build/obj/src/bsp.o
 .debug_macro   0x0000000000001304       0x22 build/obj/src/bsp.o
 .debug_macro   0x0000000000001326       0xd9 build/obj/src/bsp.o
 .debug_macro   0x00000000000013ff     0x102d build/obj/src/bsp.o
 .debug_macro   0x000000000000242c      0x11f build/obj/src/bsp.o
 .debug_macro   0x000000000000254b      0x2c3 build/obj/src/bsp.o
 .debug_macro   0x000000000000280e      0x112 build/obj/src/bsp.o
 .debug_macro   0x0000000000002920       0x11 build/obj/src/bsp.o
 .debug_macro   0x0000000000002931       0x2a build/obj/src/bsp.o
 .debug_macro   0x000000000000295b       0x16 build/obj/src/bsp.o
 .debug_macro   0x0000000000002971      0x2e6 build/obj/src/bsp.o
 .debug_macro   0x0000000000002c57       0x82 build/obj/src/bsp.o
 .debug_macro   0x0000000000002cd9      0x13d build/obj/src/bsp.o
 .debug_macro   0x0000000000002e16      0x198 build/obj/src/bsp.o
 .debug_macro   0x0000000000002fae       0x34 build/obj/src/bsp.o
 .debug_macro   0x0000000000002fe2       0x58 build/obj/src/bsp.o
 .debug_macro   0x000000000000303a      0x236 build/obj/src/bsp.o
 .debug_macro   0x0000000000003270      0x572 build/obj/src/bsp.o
 .debug_macro   0x00000000000037e2       0x16 build/obj/src/bsp.o
 .debug_macro   0x00000000000037f8      0x18a build/obj/src/bsp.o
 .debug_macro   0x0000000000003982       0x88 build/obj/src/bsp.o
 .debug_macro   0x0000000000003a0a      0x1b9 build/obj/src/bsp.o
 .debug_macro   0x0000000000003bc3      0x1da build/obj/src/bsp.o
 .debug_macro   0x0000000000003d9d       0x40 build/obj/src/bsp.o
 .debug_macro   0x0000000000003ddd       0x1c build/obj/src/bsp.o
 .debug_macro   0x0000000000003df9       0x2e build/obj/src/bsp.o
 .debug_macro   0x0000000000003e27       0x2e build/obj/src/bsp.o
 .debug_macro   0x0000000000003e55       0x22 build/obj/src/bsp.o
 .debug_macro   0x0000000000003e77      0x201 build/obj/src/bsp.o
 .debug_macro   0x0000000000004078       0xe0 build/obj/src/bsp.o
 .debug_macro   0x0000000000004158      0x34c build/obj/src/bsp.o
 .debug_macro   0x00000000000044a4       0xdc build/obj/src/bsp.o
 .debug_macro   0x0000000000004580       0xc4 build/obj/src/bsp.o
 .debug_macro   0x0000000000004644       0x8f build/obj/src/bsp.o
 .debug_macro   0x00000000000046d3       0x94 build/obj/src/bsp.o
 .debug_macro   0x0000000000004767       0xb8 build/obj/src/bsp.o
 .debug_macro   0x000000000000481f       0x4c build/obj/src/bsp.o
 .debug_macro   0x000000000000486b       0x16 build/obj/src/bsp.o
 .debug_macro   0x0000000000004881      0x328 build/obj/src/bsp.o
 .debug_macro   0x0000000000004ba9       0x3a build/obj/src/bsp.o
 .debug_macro   0x0000000000004be3       0xd0 build/obj/src/bsp.o
 .debug_macro   0x0000000000004cb3       0x18 build/obj/src/bsp.o
 .debug_macro   0x0000000000004ccb       0x22 build/obj/src/bsp.o
 .debug_macro   0x0000000000004ced       0x40 build/obj/src/bsp.o
 .debug_macro   0x0000000000004d2d      0x130 build/obj/src/bsp.o
 .debug_macro   0x0000000000004e5d      0x325 build/obj/src/digital.o
 .debug_macro   0x0000000000005182      0x562 build/obj/src/main.o
 .debug_macro   0x00000000000056e4      0x174 build/obj/src/main.o
 .debug_macro   0x0000000000005858       0x6c build/obj/src/main.o
 .debug_macro   0x00000000000058c4       0x11 build/obj/src/main.o
 .debug_macro   0x00000000000058d5       0x64 build/obj/src/main.o
 .debug_macro   0x0000000000005939       0x1e build/obj/src/main.o
 .debug_macro   0x0000000000005957       0x35 build/obj/src/main.o
 .debug_macro   0x000000000000598c       0x34 build/obj/src/main.o
 .debug_macro   0x00000000000059c0       0x16 build/obj/src/main.o
 .debug_macro   0x00000000000059d6       0x35 build/obj/src/main.o
 .debug_macro   0x0000000000005a0b      0x341 build/obj/src/main.o
 .debug_macro   0x0000000000005d4c       0x10 build/obj/src/main.o
 .debug_macro   0x0000000000005d5c       0x16 build/obj/src/main.o
 .debug_macro   0x0000000000005d72       0x43 build/obj/src/main.o
 .debug_macro   0x0000000000005db5       0x34 build/obj/src/main.o
 .debug_macro   0x0000000000005de9       0x10 build/obj/src/main.o
 .debug_macro   0x0000000000005df9       0x58 build/obj/src/main.o
 .debug_macro   0x0000000000005e51      0x182 build/obj/src/main.o
 .debug_macro   0x0000000000005fd3       0x10 build/obj/src/main.o
 .debug_macro   0x0000000000005fe3       0x1c build/obj/src/main.o
 .debug_macro   0x0000000000005fff       0x52 build/obj/src/main.o
 .debug_macro   0x0000000000006051       0x22 build/obj/src/main.o
 .debug_macro   0x0000000000006073       0x10 build/obj/src/main.o
 .debug_macro   0x0000000000006083       0x52 build/obj/src/main.o
 .debug_macro   0x00000000000060d5       0xd5 build/obj/src/main.o
 .debug_macro   0x00000000000061aa       0x1c build/obj/src/main.o
 .debug_macro   0x00000000000061c6       0x3d build/obj/src/main.o
 .debug_macro   0x0000000000006203       0x16 build/obj/src/main.o
 .debug_macro   0x0000000000006219      0x16f build/obj/src/main.o
 .debug_macro   0x0000000000006388       0x20 build/obj/src/main.o
 .debug_macro   0x00000000000063a8      0x109 build/obj/src/main.o
 .debug_macro   0x00000000000064b1      0x180 build/obj/src/main.o
 .debug_macro   0x0000000000006631      0x15a build/obj/src/main.o
 .debug_macro   0x000000000000678b       0xea build/obj/src/main.o
 .debug_macro   0x0000000000006875       0x1c build/obj/src/main.o
 .debug_macro   0x0000000000006891       0x26 build/obj/src/main.o
 .debug_macro   0x00000000000068b7      0x4c5 build/obj/src/main.o
 .debug_macro   0x0000000000006d7c       0xb5 build/obj/src/main.o
 .debug_macro   0x0000000000006e31      0x120 build/obj/src/main.o
 .debug_macro   0x0000000000006f51       0x91 build/obj/src/main.o
 .debug_macro   0x0000000000006fe2      0x56e build/lib/modules/freertos.a(event_groups.o)
 .debug_macro   0x0000000000007550       0x5e build/lib/modules/freertos.a(event_groups.o)
 .debug_macro   0x00000000000075ae       0x94 build/lib/modules/freertos.a(event_groups.o)
 .debug_macro   0x0000000000007642       0x16 build/lib/modules/freertos.a(event_groups.o)
 .debug_macro   0x0000000000007658      0x10e build/lib/modules/freertos.a(event_groups.o)
 .debug_macro   0x0000000000007766       0x8d build/lib/modules/freertos.a(event_groups.o)
 .debug_macro   0x00000000000077f3       0x57 build/lib/modules/freertos.a(event_groups.o)
 .debug_macro   0x000000000000784a       0x16 build/lib/modules/freertos.a(event_groups.o)
 .debug_macro   0x0000000000007860       0x29 build/lib/modules/freertos.a(event_groups.o)
 .debug_macro   0x0000000000007889       0x1c build/lib/modules/freertos.a(event_groups.o)
 .debug_macro   0x00000000000078a5      0x51f build/lib/modules/freertos.a(list.o)
 .debug_macro   0x0000000000007dc4      0x600 build/lib/modules/freertos.a(tasks.o)
 .debug_macro   0x00000000000083c4       0x16 build/lib/modules/freertos.a(tasks.o)
 .debug_macro   0x00000000000083da       0x10 build/lib/modules/freertos.a(tasks.o)
 .debug_macro   0x00000000000083ea      0x568 build/lib/modules/freertos.a(timers.o)
 .debug_macro   0x0000000000008952       0x80 build/lib/modules/freertos.a(timers.o)
 .debug_macro   0x00000000000089d2       0x97 build/lib/modules/freertos.a(timers.o)
 .debug_macro   0x0000000000008a69      0x5c0 build/lib/modules/freertos.a(port.o)
 .debug_macro   0x0000000000009029      0x53a build/lib/modules/freertos.a(heap_4.o)
 .debug_macro   0x0000000000009563      0x5a3 build/lib/modules/freertos.a(queue.o)
 .debug_macro   0x0000000000009b06      0x495 build/lib/boards/edu-ciaa-nxp.a(board.o)
 .debug_macro   0x0000000000009f9b       0x73 build/lib/boards/edu-ciaa-nxp.a(board.o)
 .debug_macro   0x000000000000a00e       0x97 build/lib/boards/edu-ciaa-nxp.a(board.o)
 .debug_macro   0x000000000000a0a5       0xfd build/lib/boards/edu-ciaa-nxp.a(board.o)
 .debug_macro   0x000000000000a1a2      0x186 build/lib/boards/edu-ciaa-nxp.a(board.o)
 .debug_macro   0x000000000000a328       0x1d build/lib/boards/edu-ciaa-nxp.a(armv7m_startup.o)
 .debug_macro   0x000000000000a345      0x315 build/lib/boards/edu-ciaa-nxp.a(chip_18xx_43xx.o)
 .debug_macro   0x000000000000a65a      0x31b build/lib/boards/edu-ciaa-nxp.a(clock_18xx_43xx.o)
 .debug_macro   0x000000000000a975      0x48c build/lib/boards/edu-ciaa-nxp.a(sysinit.o)
 .debug_macro   0x000000000000ae01      0x49e build/lib/boards/edu-ciaa-nxp.a(board_lpcopen.o)
 .debug_macro   0x000000000000b29f      0x48c build/lib/boards/edu-ciaa-nxp.a(board_sysinit.o)
 .debug_macro   0x000000000000b72b      0x315 build/lib/boards/edu-ciaa-nxp.a(adc_18xx_43xx.o)
 .debug_macro   0x000000000000ba40      0x315 build/lib/boards/edu-ciaa-nxp.a(gpio_18xx_43xx.o)
 .debug_macro   0x000000000000bd55      0x327 build/lib/boards/edu-ciaa-nxp.a(i2c_18xx_43xx.o)
 .debug_macro   0x000000000000c07c      0x315 build/lib/boards/edu-ciaa-nxp.a(ssp_18xx_43xx.o)
 .debug_macro   0x000000000000c391      0x315 build/lib/boards/edu-ciaa-nxp.a(sysinit_18xx_43xx.o)
 .debug_macro   0x000000000000c6a6      0x315 build/lib/boards/edu-ciaa-nxp.a(uart_18xx_43xx.o)

.debug_line     0x0000000000000000    0x12c0f
 .debug_line    0x0000000000000000      0x92c build/obj/src/bsp.o
 .debug_line    0x000000000000092c      0xa5b build/obj/src/digital.o
 .debug_line    0x0000000000001387      0xb77 build/obj/src/main.o
 .debug_line    0x0000000000001efe      0xf04 build/lib/modules/freertos.a(event_groups.o)
 .debug_line    0x0000000000002e02      0xb75 build/lib/modules/freertos.a(list.o)
 .debug_line    0x0000000000003977     0x21b7 build/lib/modules/freertos.a(tasks.o)
 .debug_line    0x0000000000005b2e     0x115f build/lib/modules/freertos.a(timers.o)
 .debug_line    0x0000000000006c8d      0xd57 build/lib/modules/freertos.a(port.o)
 .debug_line    0x00000000000079e4      0xdc0 build/lib/modules/freertos.a(heap_4.o)
 .debug_line    0x00000000000087a4     0x1a83 build/lib/modules/freertos.a(queue.o)
 .debug_line    0x000000000000a227      0x9a6 build/lib/boards/edu-ciaa-nxp.a(board.o)
 .debug_line    0x000000000000abcd      0x20d build/lib/boards/edu-ciaa-nxp.a(armv7m_startup.o)
 .debug_line    0x000000000000adda      0x819 build/lib/boards/edu-ciaa-nxp.a(chip_18xx_43xx.o)
 .debug_line    0x000000000000b5f3     0x1116 build/lib/boards/edu-ciaa-nxp.a(clock_18xx_43xx.o)
 .debug_line    0x000000000000c709      0x965 build/lib/boards/edu-ciaa-nxp.a(sysinit.o)
 .debug_line    0x000000000000d06e      0xdba build/lib/boards/edu-ciaa-nxp.a(board_lpcopen.o)
 .debug_line    0x000000000000de28      0xa2d build/lib/boards/edu-ciaa-nxp.a(board_sysinit.o)
 .debug_line    0x000000000000e855      0x9f9 build/lib/boards/edu-ciaa-nxp.a(adc_18xx_43xx.o)
 .debug_line    0x000000000000f24e      0x783 build/lib/boards/edu-ciaa-nxp.a(gpio_18xx_43xx.o)
 .debug_line    0x000000000000f9d1      0xe2b build/lib/boards/edu-ciaa-nxp.a(i2c_18xx_43xx.o)
 .debug_line    0x00000000000107fc      0xdf9 build/lib/boards/edu-ciaa-nxp.a(ssp_18xx_43xx.o)
 .debug_line    0x00000000000115f5      0x901 build/lib/boards/edu-ciaa-nxp.a(sysinit_18xx_43xx.o)
 .debug_line    0x0000000000011ef6      0xd19 build/lib/boards/edu-ciaa-nxp.a(uart_18xx_43xx.o)

.debug_str      0x0000000000000000    0x273ab
 .debug_str     0x0000000000000000    0x17912 build/obj/src/bsp.o
                                      0x17b6c (size before relaxing)
 .debug_str     0x0000000000017912      0x1bf build/obj/src/digital.o
                                      0x16a61 (size before relaxing)
 .debug_str     0x0000000000017ad1     0x9649 build/obj/src/main.o
                                      0x20951 (size before relaxing)
 .debug_str     0x000000000002111a      0x5aa build/lib/modules/freertos.a(event_groups.o)
                                      0x202de (size before relaxing)
 .debug_str     0x00000000000216c4       0xc7 build/lib/modules/freertos.a(list.o)
                                      0x1e4c7 (size before relaxing)
 .debug_str     0x000000000002178b     0x150a build/lib/modules/freertos.a(tasks.o)
                                      0x21ed2 (size before relaxing)
 .debug_str     0x0000000000022c95      0xd1c build/lib/modules/freertos.a(timers.o)
                                      0x2165d (size before relaxing)
 .debug_str     0x00000000000239b1      0x803 build/lib/modules/freertos.a(port.o)
                                      0x20787 (size before relaxing)
 .debug_str     0x00000000000241b4      0x343 build/lib/modules/freertos.a(heap_4.o)
                                      0x20361 (size before relaxing)
 .debug_str     0x00000000000244f7      0x82c build/lib/modules/freertos.a(queue.o)
                                      0x211a5 (size before relaxing)
 .debug_str     0x0000000000024d23       0x5e build/lib/boards/edu-ciaa-nxp.a(board.o)
                                      0x1baff (size before relaxing)
 .debug_str     0x0000000000024d81      0x1f6 build/lib/boards/edu-ciaa-nxp.a(armv7m_startup.o)
                                       0x2f4b (size before relaxing)
 .debug_str     0x0000000000024f77      0x2ad build/lib/boards/edu-ciaa-nxp.a(chip_18xx_43xx.o)
                                      0x1753c (size before relaxing)
 .debug_str     0x0000000000025224      0x662 build/lib/boards/edu-ciaa-nxp.a(clock_18xx_43xx.o)
                                      0x17ac9 (size before relaxing)
 .debug_str     0x0000000000025886       0x92 build/lib/boards/edu-ciaa-nxp.a(sysinit.o)
                                      0x1a8e4 (size before relaxing)
 .debug_str     0x0000000000025918      0x815 build/lib/boards/edu-ciaa-nxp.a(board_lpcopen.o)
                                      0x1bb80 (size before relaxing)
 .debug_str     0x000000000002612d      0x129 build/lib/boards/edu-ciaa-nxp.a(board_sysinit.o)
                                      0x1b5e7 (size before relaxing)
 .debug_str     0x0000000000026256      0x240 build/lib/boards/edu-ciaa-nxp.a(adc_18xx_43xx.o)
                                      0x17069 (size before relaxing)
 .debug_str     0x0000000000026496       0x7e build/lib/boards/edu-ciaa-nxp.a(gpio_18xx_43xx.o)
                                      0x1685c (size before relaxing)
 .debug_str     0x0000000000026514      0x5eb build/lib/boards/edu-ciaa-nxp.a(i2c_18xx_43xx.o)
                                      0x17804 (size before relaxing)
 .debug_str     0x0000000000026aff      0x437 build/lib/boards/edu-ciaa-nxp.a(ssp_18xx_43xx.o)
                                      0x17263 (size before relaxing)
 .debug_str     0x0000000000026f36       0xfd build/lib/boards/edu-ciaa-nxp.a(sysinit_18xx_43xx.o)
                                      0x1750e (size before relaxing)
 .debug_str     0x0000000000027033      0x378 build/lib/boards/edu-ciaa-nxp.a(uart_18xx_43xx.o)
                                      0x17684 (size before relaxing)

.comment        0x0000000000000000       0x49
 .comment       0x0000000000000000       0x49 build/obj/src/bsp.o
                                         0x4a (size before relaxing)
 .comment       0x0000000000000049       0x4a build/obj/src/digital.o
 .comment       0x0000000000000049       0x4a build/obj/src/main.o
 .comment       0x0000000000000049       0x4a build/lib/modules/freertos.a(event_groups.o)
 .comment       0x0000000000000049       0x4a build/lib/modules/freertos.a(list.o)
 .comment       0x0000000000000049       0x4a build/lib/modules/freertos.a(tasks.o)
 .comment       0x0000000000000049       0x4a build/lib/modules/freertos.a(timers.o)
 .comment       0x0000000000000049       0x4a build/lib/modules/freertos.a(port.o)
 .comment       0x0000000000000049       0x4a build/lib/modules/freertos.a(heap_4.o)
 .comment       0x0000000000000049       0x4a build/lib/modules/freertos.a(queue.o)
 .comment       0x0000000000000049       0x4a build/lib/boards/edu-ciaa-nxp.a(board.o)
 .comment       0x0000000000000049       0x4a build/lib/boards/edu-ciaa-nxp.a(armv7m_startup.o)
 .comment       0x0000000000000049       0x4a build/lib/boards/edu-ciaa-nxp.a(chip_18xx_43xx.o)
 .comment       0x0000000000000049       0x4a build/lib/boards/edu-ciaa-nxp.a(clock_18xx_43xx.o)
 .comment       0x0000000000000049       0x4a build/lib/boards/edu-ciaa-nxp.a(sysinit.o)
 .comment       0x0000000000000049       0x4a build/lib/boards/edu-ciaa-nxp.a(board_lpcopen.o)
 .comment       0x0000000000000049       0x4a build/lib/boards/edu-ciaa-nxp.a(board_sysinit.o)
 .comment       0x0000000000000049       0x4a build/lib/boards/edu-ciaa-nxp.a(adc_18xx_43xx.o)
 .comment       0x0000000000000049       0x4a build/lib/boards/edu-ciaa-nxp.a(gpio_18xx_43xx.o)
 .comment       0x0000000000000049       0x4a build/lib/boards/edu-ciaa-nxp.a(i2c_18xx_43xx.o)
 .comment       0x0000000000000049       0x4a build/lib/boards/edu-ciaa-nxp.a(ssp_18xx_43xx.o)
 .comment       0x0000000000000049       0x4a build/lib/boards/edu-ciaa-nxp.a(sysinit_18xx_43xx.o)
 .comment       0x0000000000000049       0x4a build/lib/boards/edu-ciaa-nxp.a(uart_18xx_43xx.o)

.ARM.attributes
                0x0000000000000000       0x30
 .ARM.attributes
                0x0000000000000000       0x32 build/obj/src/bsp.o
 .ARM.attributes
                0x0000000000000032       0x32 build/obj/src/digital.o
 .ARM.attributes
                0x0000000000000064       0x32 build/obj/src/main.o
 .ARM.attributes
                0x0000000000000096       0x32 build/lib/modules/freertos.a(event_groups.o)
 .ARM.attributes
                0x00000000000000c8       0x32 build/lib/modules/freertos.a(list.o)
 .ARM.attributes
                0x00000000000000fa       0x32 build/lib/modules/freertos.a(tasks.o)
 .ARM.attributes
                0x000000000000012c       0x32 build/lib/modules/freertos.a(timers.o)
 .ARM.attributes
                0x000000000000015e       0x32 build/lib/modules/freertos.a(port.o)
 .ARM.attributes
                0x0000000000000190       0x32 build/lib/modules/freertos.a(heap_4.o)
 .ARM.attributes
                0x00000000000001c2       0x32 build/lib/modules/freertos.a(queue.o)
 .ARM.attributes
                0x00000000000001f4       0x32 build/lib/boards/edu-ciaa-nxp.a(board.o)
 .ARM.attributes
                0x0000000000000226       0x32 build/lib/boards/edu-ciaa-nxp.a(armv7m_startup.o)
 .ARM.attributes
                0x0000000000000258       0x32 build/lib/boards/edu-ciaa-nxp.a(chip_18xx_43xx.o)
 .ARM.attributes
                0x000000000000028a       0x32 build/lib/boards/edu-ciaa-nxp.a(clock_18xx_43xx.o)
 .ARM.attributes
                0x00000000000002bc       0x32 build/lib/boards/edu-ciaa-nxp.a(sysinit.o)
 .ARM.attributes
                0x00000000000002ee       0x32 build/lib/boards/edu-ciaa-nxp.a(board_lpcopen.o)
 .ARM.attributes
                0x0000000000000320       0x32 build/lib/boards/edu-ciaa-nxp.a(board_sysinit.o)
 .ARM.attributes
                0x0000000000000352       0x32 build/lib/boards/edu-ciaa-nxp.a(adc_18xx_43xx.o)
 .ARM.attributes
                0x0000000000000384       0x32 build/lib/boards/edu-ciaa-nxp.a(gpio_18xx_43xx.o)
 .ARM.attributes
                0x00000000000003b6       0x32 build/lib/boards/edu-ciaa-nxp.a(i2c_18xx_43xx.o)
 .ARM.attributes
                0x00000000000003e8       0x32 build/lib/boards/edu-ciaa-nxp.a(ssp_18xx_43xx.o)
 .ARM.attributes
                0x000000000000041a       0x32 build/lib/boards/edu-ciaa-nxp.a(sysinit_18xx_43xx.o)
 .ARM.attributes
                0x000000000000044c       0x32 build/lib/boards/edu-ciaa-nxp.a(uart_18xx_43xx.o)
 .ARM.attributes
                0x000000000000047e       0x1e /usr/local/share/gcc-arm-none-eabi-10.3-2021.10/bin/../lib/gcc/arm-none-eabi/10.3.1/thumb/v7e-m+fp/softfp/libgcc.a(_aeabi_uldivmod.o)
 .ARM.attributes
                0x000000000000049c       0x32 /usr/local/share/gcc-arm-none-eabi-10.3-2021.10/bin/../lib/gcc/arm-none-eabi/10.3.1/thumb/v7e-m+fp/softfp/libgcc.a(_udivmoddi4.o)
 .ARM.attributes
                0x00000000000004ce       0x1e /usr/local/share/gcc-arm-none-eabi-10.3-2021.10/bin/../lib/gcc/arm-none-eabi/10.3.1/thumb/v7e-m+fp/softfp/libgcc.a(_dvmd_tls.o)
 .ARM.attributes
                0x00000000000004ec       0x32 /usr/local/share/gcc-arm-none-eabi-10.3-2021.10/bin/../lib/gcc/arm-none-eabi/10.3.1/../../../../arm-none-eabi/lib/thumb/v7e-m+fp/softfp/libc_nano.a(lib_a-init.o)
 .ARM.attributes
                0x000000000000051e       0x32 /usr/local/share/gcc-arm-none-eabi-10.3-2021.10/bin/../lib/gcc/arm-none-eabi/10.3.1/../../../../arm-none-eabi/lib/thumb/v7e-m+fp/softfp/libc_nano.a(lib_a-memcpy-stub.o)
 .ARM.attributes
                0x0000000000000550       0x32 /usr/local/share/gcc-arm-none-eabi-10.3-2021.10/bin/../lib/gcc/arm-none-eabi/10.3.1/../../../../arm-none-eabi/lib/thumb/v7e-m+fp/softfp/libc_nano.a(lib_a-memset.o)

.debug_frame    0x0000000000000000     0x3d44
 .debug_frame   0x0000000000000000      0x160 build/obj/src/bsp.o
 .debug_frame   0x0000000000000160      0x294 build/obj/src/digital.o
 .debug_frame   0x00000000000003f4       0xf8 build/obj/src/main.o
 .debug_frame   0x00000000000004ec      0x218 build/lib/modules/freertos.a(event_groups.o)
 .debug_frame   0x0000000000000704       0xd8 build/lib/modules/freertos.a(list.o)
 .debug_frame   0x00000000000007dc      0x8e0 build/lib/modules/freertos.a(tasks.o)
 .debug_frame   0x00000000000010bc      0x3d4 build/lib/modules/freertos.a(timers.o)
 .debug_frame   0x0000000000001490      0x1a8 build/lib/modules/freertos.a(port.o)
 .debug_frame   0x0000000000001638      0x12c build/lib/modules/freertos.a(heap_4.o)
 .debug_frame   0x0000000000001764      0x580 build/lib/modules/freertos.a(queue.o)
 .debug_frame   0x0000000000001ce4       0x58 build/lib/boards/edu-ciaa-nxp.a(board.o)
 .debug_frame   0x0000000000001d3c      0x1b8 build/lib/boards/edu-ciaa-nxp.a(armv7m_startup.o)
 .debug_frame   0x0000000000001ef4       0xa0 build/lib/boards/edu-ciaa-nxp.a(chip_18xx_43xx.o)
 .debug_frame   0x0000000000001f94      0x568 build/lib/boards/edu-ciaa-nxp.a(clock_18xx_43xx.o)
 .debug_frame   0x00000000000024fc       0x54 build/lib/boards/edu-ciaa-nxp.a(sysinit.o)
 .debug_frame   0x0000000000002550      0x4f4 build/lib/boards/edu-ciaa-nxp.a(board_lpcopen.o)
 .debug_frame   0x0000000000002a44       0xe0 build/lib/boards/edu-ciaa-nxp.a(board_sysinit.o)
 .debug_frame   0x0000000000002b24      0x264 build/lib/boards/edu-ciaa-nxp.a(adc_18xx_43xx.o)
 .debug_frame   0x0000000000002d88       0x60 build/lib/boards/edu-ciaa-nxp.a(gpio_18xx_43xx.o)
 .debug_frame   0x0000000000002de8      0x4c8 build/lib/boards/edu-ciaa-nxp.a(i2c_18xx_43xx.o)
 .debug_frame   0x00000000000032b0      0x3e8 build/lib/boards/edu-ciaa-nxp.a(ssp_18xx_43xx.o)
 .debug_frame   0x0000000000003698       0xf4 build/lib/boards/edu-ciaa-nxp.a(sysinit_18xx_43xx.o)
 .debug_frame   0x000000000000378c      0x4e4 build/lib/boards/edu-ciaa-nxp.a(uart_18xx_43xx.o)
 .debug_frame   0x0000000000003c70       0x2c /usr/local/share/gcc-arm-none-eabi-10.3-2021.10/bin/../lib/gcc/arm-none-eabi/10.3.1/thumb/v7e-m+fp/softfp/libgcc.a(_aeabi_uldivmod.o)
 .debug_frame   0x0000000000003c9c       0x34 /usr/local/share/gcc-arm-none-eabi-10.3-2021.10/bin/../lib/gcc/arm-none-eabi/10.3.1/thumb/v7e-m+fp/softfp/libgcc.a(_udivmoddi4.o)
 .debug_frame   0x0000000000003cd0       0x2c /usr/local/share/gcc-arm-none-eabi-10.3-2021.10/bin/../lib/gcc/arm-none-eabi/10.3.1/../../../../arm-none-eabi/lib/thumb/v7e-m+fp/softfp/libc_nano.a(lib_a-init.o)
 .debug_frame   0x0000000000003cfc       0x28 /usr/local/share/gcc-arm-none-eabi-10.3-2021.10/bin/../lib/gcc/arm-none-eabi/10.3.1/../../../../arm-none-eabi/lib/thumb/v7e-m+fp/softfp/libc_nano.a(lib_a-memcpy-stub.o)
 .debug_frame   0x0000000000003d24       0x20 /usr/local/share/gcc-arm-none-eabi-10.3-2021.10/bin/../lib/gcc/arm-none-eabi/10.3.1/../../../../arm-none-eabi/lib/thumb/v7e-m+fp/softfp/libc_nano.a(lib_a-memset.o)

Cross Reference Table

Symbol                                            File
Amarillo                                          build/obj/src/main.o
Azul                                              build/obj/src/main.o
Blinking                                          build/obj/src/main.o
BoardCreate                                       build/obj/src/bsp.o
                                                  build/obj/src/main.o
BoardInit                                         build/lib/boards/edu-ciaa-nxp.a(board.o)
Board_ADC_ReadBegin                               build/lib/boards/edu-ciaa-nxp.a(board_lpcopen.o)
Board_ADC_ReadEnd                                 build/lib/boards/edu-ciaa-nxp.a(board_lpcopen.o)
Board_ADC_ReadWait                                build/lib/boards/edu-ciaa-nxp.a(board_lpcopen.o)
Board_Debug_Init                                  build/lib/boards/edu-ciaa-nxp.a(board_lpcopen.o)
Board_Init                                        build/lib/boards/edu-ciaa-nxp.a(board_lpcopen.o)
                                                  build/lib/boards/edu-ciaa-nxp.a(sysinit.o)
Board_LED_Set                                     build/lib/boards/edu-ciaa-nxp.a(board_lpcopen.o)
Board_LED_Test                                    build/lib/boards/edu-ciaa-nxp.a(board_lpcopen.o)
Board_LED_Toggle                                  build/lib/boards/edu-ciaa-nxp.a(board_lpcopen.o)
Board_SetupClocking                               build/lib/boards/edu-ciaa-nxp.a(board_sysinit.o)
Board_SetupMuxing                                 build/lib/boards/edu-ciaa-nxp.a(board_sysinit.o)
Board_SystemInit                                  build/lib/boards/edu-ciaa-nxp.a(board_sysinit.o)
                                                  build/lib/boards/edu-ciaa-nxp.a(sysinit.o)
Board_TEC_GetStatus                               build/lib/boards/edu-ciaa-nxp.a(board_lpcopen.o)
Board_UARTGetChar                                 build/lib/boards/edu-ciaa-nxp.a(board_lpcopen.o)
Board_UARTPutChar                                 build/lib/boards/edu-ciaa-nxp.a(board_lpcopen.o)
Board_UARTPutSTR                                  build/lib/boards/edu-ciaa-nxp.a(board_lpcopen.o)
BusFault_Handler                                  build/lib/boards/edu-ciaa-nxp.a(armv7m_startup.o)
Chip_ADC_DeInit                                   build/lib/boards/edu-ciaa-nxp.a(adc_18xx_43xx.o)
Chip_ADC_EnableChannel                            build/lib/boards/edu-ciaa-nxp.a(adc_18xx_43xx.o)
                                                  build/lib/boards/edu-ciaa-nxp.a(board_lpcopen.o)
Chip_ADC_Init                                     build/lib/boards/edu-ciaa-nxp.a(adc_18xx_43xx.o)
                                                  build/lib/boards/edu-ciaa-nxp.a(board_lpcopen.o)
Chip_ADC_Int_SetChannelCmd                        build/lib/boards/edu-ciaa-nxp.a(adc_18xx_43xx.o)
Chip_ADC_ReadByte                                 build/lib/boards/edu-ciaa-nxp.a(adc_18xx_43xx.o)
Chip_ADC_ReadStatus                               build/lib/boards/edu-ciaa-nxp.a(adc_18xx_43xx.o)
                                                  build/lib/boards/edu-ciaa-nxp.a(board_lpcopen.o)
Chip_ADC_ReadValue                                build/lib/boards/edu-ciaa-nxp.a(adc_18xx_43xx.o)
                                                  build/lib/boards/edu-ciaa-nxp.a(board_lpcopen.o)
Chip_ADC_SetBurstCmd                              build/lib/boards/edu-ciaa-nxp.a(adc_18xx_43xx.o)
                                                  build/lib/boards/edu-ciaa-nxp.a(board_lpcopen.o)
Chip_ADC_SetResolution                            build/lib/boards/edu-ciaa-nxp.a(adc_18xx_43xx.o)
                                                  build/lib/boards/edu-ciaa-nxp.a(board_lpcopen.o)
Chip_ADC_SetSampleRate                            build/lib/boards/edu-ciaa-nxp.a(adc_18xx_43xx.o)
                                                  build/lib/boards/edu-ciaa-nxp.a(board_lpcopen.o)
Chip_ADC_SetStartMode                             build/lib/boards/edu-ciaa-nxp.a(adc_18xx_43xx.o)
                                                  build/lib/boards/edu-ciaa-nxp.a(board_lpcopen.o)
Chip_Clock_CalcMainPLLValue                       build/lib/boards/edu-ciaa-nxp.a(clock_18xx_43xx.o)
                                                  build/lib/boards/edu-ciaa-nxp.a(sysinit_18xx_43xx.o)
Chip_Clock_ClearPowerDown                         build/lib/boards/edu-ciaa-nxp.a(clock_18xx_43xx.o)
Chip_Clock_Disable                                build/lib/boards/edu-ciaa-nxp.a(clock_18xx_43xx.o)
                                                  build/lib/boards/edu-ciaa-nxp.a(uart_18xx_43xx.o)
                                                  build/lib/boards/edu-ciaa-nxp.a(ssp_18xx_43xx.o)
                                                  build/lib/boards/edu-ciaa-nxp.a(i2c_18xx_43xx.o)
                                                  build/lib/boards/edu-ciaa-nxp.a(adc_18xx_43xx.o)
Chip_Clock_DisableBaseClock                       build/lib/boards/edu-ciaa-nxp.a(clock_18xx_43xx.o)
Chip_Clock_DisableCrystal                         build/lib/boards/edu-ciaa-nxp.a(clock_18xx_43xx.o)
Chip_Clock_DisablePLL                             build/lib/boards/edu-ciaa-nxp.a(clock_18xx_43xx.o)
Chip_Clock_Enable                                 build/lib/boards/edu-ciaa-nxp.a(clock_18xx_43xx.o)
                                                  build/lib/boards/edu-ciaa-nxp.a(ssp_18xx_43xx.o)
                                                  build/lib/boards/edu-ciaa-nxp.a(i2c_18xx_43xx.o)
Chip_Clock_EnableBaseClock                        build/lib/boards/edu-ciaa-nxp.a(clock_18xx_43xx.o)
                                                  build/lib/boards/edu-ciaa-nxp.a(chip_18xx_43xx.o)
Chip_Clock_EnableCrystal                          build/lib/boards/edu-ciaa-nxp.a(clock_18xx_43xx.o)
                                                  build/lib/boards/edu-ciaa-nxp.a(sysinit_18xx_43xx.o)
Chip_Clock_EnableOpts                             build/lib/boards/edu-ciaa-nxp.a(clock_18xx_43xx.o)
                                                  build/lib/boards/edu-ciaa-nxp.a(uart_18xx_43xx.o)
                                                  build/lib/boards/edu-ciaa-nxp.a(adc_18xx_43xx.o)
                                                  build/lib/boards/edu-ciaa-nxp.a(chip_18xx_43xx.o)
Chip_Clock_EnablePLL                              build/lib/boards/edu-ciaa-nxp.a(clock_18xx_43xx.o)
                                                  build/lib/boards/edu-ciaa-nxp.a(chip_18xx_43xx.o)
Chip_Clock_GetBaseClock                           build/lib/boards/edu-ciaa-nxp.a(clock_18xx_43xx.o)
Chip_Clock_GetBaseClockOpts                       build/lib/boards/edu-ciaa-nxp.a(clock_18xx_43xx.o)
Chip_Clock_GetBaseClocktHz                        build/lib/boards/edu-ciaa-nxp.a(clock_18xx_43xx.o)
Chip_Clock_GetClockInputHz                        build/lib/boards/edu-ciaa-nxp.a(clock_18xx_43xx.o)
                                                  build/lib/boards/edu-ciaa-nxp.a(chip_18xx_43xx.o)
Chip_Clock_GetDividerDivisor                      build/lib/boards/edu-ciaa-nxp.a(clock_18xx_43xx.o)
Chip_Clock_GetDividerSource                       build/lib/boards/edu-ciaa-nxp.a(clock_18xx_43xx.o)
Chip_Clock_GetEMCRate                             build/lib/boards/edu-ciaa-nxp.a(clock_18xx_43xx.o)
Chip_Clock_GetMainPLLHz                           build/lib/boards/edu-ciaa-nxp.a(clock_18xx_43xx.o)
Chip_Clock_GetPLLStatus                           build/lib/boards/edu-ciaa-nxp.a(clock_18xx_43xx.o)
                                                  build/lib/boards/edu-ciaa-nxp.a(chip_18xx_43xx.o)
Chip_Clock_GetRate                                build/lib/boards/edu-ciaa-nxp.a(clock_18xx_43xx.o)
                                                  build/lib/boards/edu-ciaa-nxp.a(uart_18xx_43xx.o)
                                                  build/lib/boards/edu-ciaa-nxp.a(ssp_18xx_43xx.o)
                                                  build/lib/boards/edu-ciaa-nxp.a(i2c_18xx_43xx.o)
                                                  build/lib/boards/edu-ciaa-nxp.a(adc_18xx_43xx.o)
                                                  build/lib/boards/edu-ciaa-nxp.a(chip_18xx_43xx.o)
Chip_Clock_IsBaseClockEnabled                     build/lib/boards/edu-ciaa-nxp.a(clock_18xx_43xx.o)
Chip_Clock_RTCEnable                              build/lib/boards/edu-ciaa-nxp.a(clock_18xx_43xx.o)
Chip_Clock_SetBaseClock                           build/lib/boards/edu-ciaa-nxp.a(clock_18xx_43xx.o)
                                                  build/lib/boards/edu-ciaa-nxp.a(sysinit_18xx_43xx.o)
                                                  build/lib/boards/edu-ciaa-nxp.a(board_sysinit.o)
                                                  build/lib/boards/edu-ciaa-nxp.a(chip_18xx_43xx.o)
Chip_Clock_SetDivider                             build/lib/boards/edu-ciaa-nxp.a(clock_18xx_43xx.o)
                                                  build/lib/boards/edu-ciaa-nxp.a(chip_18xx_43xx.o)
Chip_Clock_SetupMainPLLHz                         build/lib/boards/edu-ciaa-nxp.a(clock_18xx_43xx.o)
Chip_Clock_SetupMainPLLMult                       build/lib/boards/edu-ciaa-nxp.a(clock_18xx_43xx.o)
Chip_Clock_SetupPLL                               build/lib/boards/edu-ciaa-nxp.a(clock_18xx_43xx.o)
                                                  build/lib/boards/edu-ciaa-nxp.a(chip_18xx_43xx.o)
Chip_Clock_StartPowerDown                         build/lib/boards/edu-ciaa-nxp.a(clock_18xx_43xx.o)
Chip_GPIO_DeInit                                  build/lib/boards/edu-ciaa-nxp.a(gpio_18xx_43xx.o)
Chip_GPIO_Init                                    build/lib/boards/edu-ciaa-nxp.a(gpio_18xx_43xx.o)
                                                  build/lib/boards/edu-ciaa-nxp.a(board_lpcopen.o)
Chip_I2C_DeInit                                   build/lib/boards/edu-ciaa-nxp.a(i2c_18xx_43xx.o)
Chip_I2C_Disable                                  build/lib/boards/edu-ciaa-nxp.a(i2c_18xx_43xx.o)
Chip_I2C_EventHandler                             build/lib/boards/edu-ciaa-nxp.a(i2c_18xx_43xx.o)
Chip_I2C_EventHandlerPolling                      build/lib/boards/edu-ciaa-nxp.a(i2c_18xx_43xx.o)
Chip_I2C_GetClockRate                             build/lib/boards/edu-ciaa-nxp.a(i2c_18xx_43xx.o)
Chip_I2C_GetMasterEventHandler                    build/lib/boards/edu-ciaa-nxp.a(i2c_18xx_43xx.o)
Chip_I2C_Init                                     build/lib/boards/edu-ciaa-nxp.a(i2c_18xx_43xx.o)
                                                  build/lib/boards/edu-ciaa-nxp.a(board_lpcopen.o)
Chip_I2C_IsMasterActive                           build/lib/boards/edu-ciaa-nxp.a(i2c_18xx_43xx.o)
Chip_I2C_IsStateChanged                           build/lib/boards/edu-ciaa-nxp.a(i2c_18xx_43xx.o)
Chip_I2C_MasterCmdRead                            build/lib/boards/edu-ciaa-nxp.a(i2c_18xx_43xx.o)
Chip_I2C_MasterRead                               build/lib/boards/edu-ciaa-nxp.a(i2c_18xx_43xx.o)
Chip_I2C_MasterSend                               build/lib/boards/edu-ciaa-nxp.a(i2c_18xx_43xx.o)
Chip_I2C_MasterStateHandler                       build/lib/boards/edu-ciaa-nxp.a(i2c_18xx_43xx.o)
Chip_I2C_MasterTransfer                           build/lib/boards/edu-ciaa-nxp.a(i2c_18xx_43xx.o)
Chip_I2C_SetClockRate                             build/lib/boards/edu-ciaa-nxp.a(i2c_18xx_43xx.o)
                                                  build/lib/boards/edu-ciaa-nxp.a(board_lpcopen.o)
Chip_I2C_SetMasterEventHandler                    build/lib/boards/edu-ciaa-nxp.a(i2c_18xx_43xx.o)
Chip_I2C_SlaveSetup                               build/lib/boards/edu-ciaa-nxp.a(i2c_18xx_43xx.o)
Chip_I2C_SlaveStateHandler                        build/lib/boards/edu-ciaa-nxp.a(i2c_18xx_43xx.o)
Chip_SSP_DeInit                                   build/lib/boards/edu-ciaa-nxp.a(ssp_18xx_43xx.o)
Chip_SSP_Init                                     build/lib/boards/edu-ciaa-nxp.a(ssp_18xx_43xx.o)
                                                  build/lib/boards/edu-ciaa-nxp.a(board_lpcopen.o)
Chip_SSP_Int_FlushData                            build/lib/boards/edu-ciaa-nxp.a(ssp_18xx_43xx.o)
Chip_SSP_Int_RWFrames16Bits                       build/lib/boards/edu-ciaa-nxp.a(ssp_18xx_43xx.o)
Chip_SSP_Int_RWFrames8Bits                        build/lib/boards/edu-ciaa-nxp.a(ssp_18xx_43xx.o)
Chip_SSP_RWFrames_Blocking                        build/lib/boards/edu-ciaa-nxp.a(ssp_18xx_43xx.o)
Chip_SSP_ReadFrames_Blocking                      build/lib/boards/edu-ciaa-nxp.a(ssp_18xx_43xx.o)
Chip_SSP_SetBitRate                               build/lib/boards/edu-ciaa-nxp.a(ssp_18xx_43xx.o)
                                                  build/lib/boards/edu-ciaa-nxp.a(board_lpcopen.o)